
===========================================================================
report_checks -unconstrained
===========================================================================
======================= Typical Corner ===================================

Startpoint: rst_n (input port clocked by clk)
Endpoint: _4436_ (recovery check against rising-edge clock clk)
Path Group: asynchronous
Path Type: max

Fanout     Cap    Slew   Delay    Time   Description
-----------------------------------------------------------------------------
                  0.15    0.00    0.00   clock clk (rise edge)
                          0.00    0.00   clock network delay (ideal)
                          4.00    4.00 ^ input external delay
                  1.86    1.37    5.37 ^ rst_n (in)
    95    0.42                           rst_n (net)
                  1.87    0.00    5.37 ^ _4436_/RESET_B (sky130_fd_sc_hd__dfrtp_2)
                                  5.37   data arrival time

                  0.15   20.00   20.00   clock clk (rise edge)
                          0.00   20.00   clock network delay (ideal)
                         -0.25   19.75   clock uncertainty
                          0.00   19.75   clock reconvergence pessimism
                                 19.75 ^ _4436_/CLK (sky130_fd_sc_hd__dfrtp_2)
                         -0.35   19.40   library recovery time
                                 19.40   data required time
-----------------------------------------------------------------------------
                                 19.40   data required time
                                 -5.37   data arrival time
-----------------------------------------------------------------------------
                                 14.03   slack (MET)


Startpoint: _4264_ (rising edge-triggered flip-flop clocked by clk)
Endpoint: _4726_ (rising edge-triggered flip-flop clocked by clk)
Path Group: clk
Path Type: max

Fanout     Cap    Slew   Delay    Time   Description
-----------------------------------------------------------------------------
                  0.15    0.00    0.00   clock clk (rise edge)
                          0.00    0.00   clock network delay (ideal)
                  0.15    0.00    0.00 ^ _4264_/CLK (sky130_fd_sc_hd__dfrtp_2)
                  0.04    0.44    0.44 v _4264_/Q (sky130_fd_sc_hd__dfrtp_2)
     2    0.00                           u_imem.addr[2] (net)
                  0.04    0.00    0.44 v _2230_/A (sky130_fd_sc_hd__buf_1)
                  0.19    0.22    0.66 v _2230_/X (sky130_fd_sc_hd__buf_1)
    10    0.03                           _0688_ (net)
                  0.19    0.00    0.67 v _2271_/A (sky130_fd_sc_hd__inv_2)
                  0.10    0.15    0.82 ^ _2271_/Y (sky130_fd_sc_hd__inv_2)
     5    0.02                           _0729_ (net)
                  0.10    0.00    0.82 ^ _2272_/A (sky130_fd_sc_hd__buf_1)
                  0.41    0.37    1.18 ^ _2272_/X (sky130_fd_sc_hd__buf_1)
    10    0.03                           _0730_ (net)
                  0.41    0.00    1.18 ^ _2273_/A (sky130_fd_sc_hd__buf_1)
                  0.59    0.54    1.72 ^ _2273_/X (sky130_fd_sc_hd__buf_1)
    10    0.05                           _0731_ (net)
                  0.59    0.00    1.72 ^ _2276_/A1 (sky130_fd_sc_hd__a31o_2)
                  0.22    0.40    2.13 ^ _2276_/X (sky130_fd_sc_hd__a31o_2)
     8    0.04                           _0734_ (net)
                  0.22    0.00    2.13 ^ _2277_/A (sky130_fd_sc_hd__buf_1)
                  0.52    0.47    2.60 ^ _2277_/X (sky130_fd_sc_hd__buf_1)
    10    0.04                           _0735_ (net)
                  0.52    0.00    2.60 ^ _2278_/A (sky130_fd_sc_hd__buf_1)
                  0.51    0.49    3.09 ^ _2278_/X (sky130_fd_sc_hd__buf_1)
    10    0.04                           _0736_ (net)
                  0.51    0.00    3.09 ^ _2779_/A (sky130_fd_sc_hd__nand4_2)
                  0.18    0.21    3.30 v _2779_/Y (sky130_fd_sc_hd__nand4_2)
     3    0.01                           _1237_ (net)
                  0.18    0.00    3.30 v _2780_/B (sky130_fd_sc_hd__nand2_2)
                  0.07    0.13    3.43 ^ _2780_/Y (sky130_fd_sc_hd__nand2_2)
     1    0.00                           _1238_ (net)
                  0.07    0.00    3.43 ^ _2814_/B (sky130_fd_sc_hd__nand4_2)
                  0.12    0.13    3.55 v _2814_/Y (sky130_fd_sc_hd__nand4_2)
     3    0.01                           _1272_ (net)
                  0.12    0.00    3.55 v _2815_/B (sky130_fd_sc_hd__or2_2)
                  0.05    0.30    3.85 v _2815_/X (sky130_fd_sc_hd__or2_2)
     1    0.00                           _1273_ (net)
                  0.05    0.00    3.85 v _2816_/B1_N (sky130_fd_sc_hd__o21bai_2)
                  0.11    0.24    4.10 v _2816_/Y (sky130_fd_sc_hd__o21bai_2)
     4    0.02                           _1274_ (net)
                  0.11    0.00    4.10 v _2935_/A1 (sky130_fd_sc_hd__a21o_2)
                  0.05    0.24    4.33 v _2935_/X (sky130_fd_sc_hd__a21o_2)
     2    0.01                           _1393_ (net)
                  0.05    0.00    4.33 v _2940_/A1 (sky130_fd_sc_hd__a22oi_2)
                  0.12    0.15    4.48 ^ _2940_/Y (sky130_fd_sc_hd__a22oi_2)
     1    0.00                           _1398_ (net)
                  0.12    0.00    4.48 ^ _2944_/C1 (sky130_fd_sc_hd__o2111a_2)
                  0.05    0.22    4.70 ^ _2944_/X (sky130_fd_sc_hd__o2111a_2)
     1    0.01                           _1402_ (net)
                  0.05    0.00    4.70 ^ _2953_/B (sky130_fd_sc_hd__nand3_2)
                  0.09    0.11    4.81 v _2953_/Y (sky130_fd_sc_hd__nand3_2)
     2    0.01                           _1411_ (net)
                  0.09    0.00    4.81 v _3401_/B (sky130_fd_sc_hd__nor3_2)
                  0.25    0.27    5.08 ^ _3401_/Y (sky130_fd_sc_hd__nor3_2)
     4    0.01                           _1685_ (net)
                  0.25    0.00    5.08 ^ _3402_/A (sky130_fd_sc_hd__buf_1)
                  0.48    0.45    5.53 ^ _3402_/X (sky130_fd_sc_hd__buf_1)
    10    0.04                           _1686_ (net)
                  0.48    0.00    5.53 ^ _4130_/C (sky130_fd_sc_hd__nand3b_2)
                  0.26    0.32    5.84 v _4130_/Y (sky130_fd_sc_hd__nand3b_2)
     8    0.04                           _2062_ (net)
                  0.26    0.00    5.84 v _4133_/A2_N (sky130_fd_sc_hd__o2bb2ai_2)
                  0.08    0.21    6.05 v _4133_/Y (sky130_fd_sc_hd__o2bb2ai_2)
     1    0.00                           _0527_ (net)
                  0.08    0.00    6.05 v _4726_/D (sky130_fd_sc_hd__dfrtp_2)
                                  6.05   data arrival time

                  0.15   20.00   20.00   clock clk (rise edge)
                          0.00   20.00   clock network delay (ideal)
                         -0.25   19.75   clock uncertainty
                          0.00   19.75   clock reconvergence pessimism
                                 19.75 ^ _4726_/CLK (sky130_fd_sc_hd__dfrtp_2)
                         -0.11   19.64   library setup time
                                 19.64   data required time
-----------------------------------------------------------------------------
                                 19.64   data required time
                                 -6.05   data arrival time
-----------------------------------------------------------------------------
                                 13.59   slack (MET)




===========================================================================
report_checks --slack_max -0.01
============================================================================
======================= Typical Corner ===================================

No paths found.


===========================================================================
 report_check_types -max_slew -max_cap -max_fanout -violators
============================================================================
======================= Typical Corner ===================================

max slew

Pin                                    Limit    Slew   Slack
------------------------------------------------------------
_4436_/RESET_B                          0.75    1.87   -1.12 (VIOLATED)
_4435_/RESET_B                          0.75    1.87   -1.12 (VIOLATED)
_4434_/RESET_B                          0.75    1.87   -1.12 (VIOLATED)
_4433_/RESET_B                          0.75    1.87   -1.12 (VIOLATED)
_4437_/RESET_B                          0.75    1.87   -1.12 (VIOLATED)
_4432_/RESET_B                          0.75    1.87   -1.12 (VIOLATED)
_4430_/RESET_B                          0.75    1.87   -1.12 (VIOLATED)
_4429_/RESET_B                          0.75    1.87   -1.12 (VIOLATED)
_4431_/RESET_B                          0.75    1.87   -1.12 (VIOLATED)
_4266_/RESET_B                          0.75    1.87   -1.12 (VIOLATED)
_4267_/RESET_B                          0.75    1.87   -1.12 (VIOLATED)
_4265_/RESET_B                          0.75    1.87   -1.12 (VIOLATED)
_4264_/RESET_B                          0.75    1.87   -1.12 (VIOLATED)
_4801_/RESET_B                          0.75    1.87   -1.12 (VIOLATED)
_4799_/RESET_B                          0.75    1.87   -1.12 (VIOLATED)
_4800_/RESET_B                          0.75    1.87   -1.12 (VIOLATED)
_4802_/RESET_B                          0.75    1.87   -1.12 (VIOLATED)
_4734_/RESET_B                          0.75    1.87   -1.12 (VIOLATED)
_4735_/RESET_B                          0.75    1.87   -1.12 (VIOLATED)
_4736_/RESET_B                          0.75    1.87   -1.12 (VIOLATED)
_4364_/RESET_B                          0.75    1.87   -1.12 (VIOLATED)
_4365_/RESET_B                          0.75    1.87   -1.12 (VIOLATED)
_4366_/SET_B                            0.75    1.87   -1.12 (VIOLATED)
_4766_/RESET_B                          0.75    1.87   -1.12 (VIOLATED)
_4367_/SET_B                            0.75    1.87   -1.12 (VIOLATED)
_4368_/RESET_B                          0.75    1.87   -1.12 (VIOLATED)
_4805_/RESET_B                          0.75    1.87   -1.12 (VIOLATED)
_4806_/RESET_B                          0.75    1.87   -1.12 (VIOLATED)
_4803_/RESET_B                          0.75    1.87   -1.12 (VIOLATED)
_4804_/RESET_B                          0.75    1.87   -1.12 (VIOLATED)
_4369_/RESET_B                          0.75    1.87   -1.12 (VIOLATED)
_4370_/SET_B                            0.75    1.87   -1.12 (VIOLATED)
_4726_/RESET_B                          0.75    1.87   -1.12 (VIOLATED)
_4371_/RESET_B                          0.75    1.87   -1.12 (VIOLATED)
_4729_/RESET_B                          0.75    1.87   -1.12 (VIOLATED)
_4732_/RESET_B                          0.75    1.87   -1.12 (VIOLATED)
_4727_/RESET_B                          0.75    1.87   -1.12 (VIOLATED)
_4728_/RESET_B                          0.75    1.87   -1.12 (VIOLATED)
_4731_/RESET_B                          0.75    1.87   -1.12 (VIOLATED)
_4730_/RESET_B                          0.75    1.87   -1.12 (VIOLATED)
_4733_/RESET_B                          0.75    1.87   -1.12 (VIOLATED)
_4737_/RESET_B                          0.75    1.87   -1.12 (VIOLATED)
_4393_/RESET_B                          0.75    1.87   -1.12 (VIOLATED)
_4738_/RESET_B                          0.75    1.87   -1.12 (VIOLATED)
_4739_/RESET_B                          0.75    1.87   -1.12 (VIOLATED)
_4740_/RESET_B                          0.75    1.87   -1.12 (VIOLATED)
_4741_/RESET_B                          0.75    1.87   -1.12 (VIOLATED)
_4763_/RESET_B                          0.75    1.87   -1.12 (VIOLATED)
_4762_/RESET_B                          0.75    1.87   -1.12 (VIOLATED)
_4761_/RESET_B                          0.75    1.87   -1.12 (VIOLATED)
_4760_/RESET_B                          0.75    1.87   -1.12 (VIOLATED)
_4758_/RESET_B                          0.75    1.87   -1.12 (VIOLATED)
_4759_/RESET_B                          0.75    1.87   -1.12 (VIOLATED)
_4745_/RESET_B                          0.75    1.87   -1.12 (VIOLATED)
_4744_/RESET_B                          0.75    1.87   -1.12 (VIOLATED)
_4743_/RESET_B                          0.75    1.87   -1.12 (VIOLATED)
_4389_/RESET_B                          0.75    1.87   -1.12 (VIOLATED)
_4742_/RESET_B                          0.75    1.87   -1.12 (VIOLATED)
_4756_/RESET_B                          0.75    1.87   -1.12 (VIOLATED)
_4757_/RESET_B                          0.75    1.87   -1.12 (VIOLATED)
_4764_/RESET_B                          0.75    1.87   -1.12 (VIOLATED)
_4765_/RESET_B                          0.75    1.87   -1.12 (VIOLATED)
_4394_/RESET_B                          0.75    1.87   -1.12 (VIOLATED)
_4395_/RESET_B                          0.75    1.87   -1.12 (VIOLATED)
_4392_/RESET_B                          0.75    1.87   -1.12 (VIOLATED)
_4390_/RESET_B                          0.75    1.87   -1.12 (VIOLATED)
_4391_/RESET_B                          0.75    1.87   -1.12 (VIOLATED)
_4388_/RESET_B                          0.75    1.87   -1.12 (VIOLATED)
_4387_/RESET_B                          0.75    1.87   -1.12 (VIOLATED)
_4428_/RESET_B                          0.75    1.87   -1.12 (VIOLATED)
_4386_/RESET_B                          0.75    1.87   -1.12 (VIOLATED)
_4373_/RESET_B                          0.75    1.87   -1.12 (VIOLATED)
_4376_/RESET_B                          0.75    1.87   -1.12 (VIOLATED)
_4372_/RESET_B                          0.75    1.87   -1.12 (VIOLATED)
_4375_/RESET_B                          0.75    1.87   -1.12 (VIOLATED)
_4374_/SET_B                            0.75    1.87   -1.12 (VIOLATED)
_4746_/RESET_B                          0.75    1.87   -1.12 (VIOLATED)
_4747_/RESET_B                          0.75    1.87   -1.12 (VIOLATED)
_4748_/RESET_B                          0.75    1.87   -1.12 (VIOLATED)
_4749_/RESET_B                          0.75    1.87   -1.12 (VIOLATED)
_4750_/RESET_B                          0.75    1.87   -1.12 (VIOLATED)
_4751_/RESET_B                          0.75    1.87   -1.12 (VIOLATED)
_4752_/RESET_B                          0.75    1.87   -1.12 (VIOLATED)
_4753_/RESET_B                          0.75    1.87   -1.12 (VIOLATED)
_4754_/RESET_B                          0.75    1.87   -1.12 (VIOLATED)
_4755_/RESET_B                          0.75    1.87   -1.12 (VIOLATED)
_4377_/RESET_B                          0.75    1.87   -1.12 (VIOLATED)
_4378_/RESET_B                          0.75    1.87   -1.12 (VIOLATED)
_4379_/RESET_B                          0.75    1.87   -1.12 (VIOLATED)
_4380_/RESET_B                          0.75    1.87   -1.12 (VIOLATED)
_4384_/RESET_B                          0.75    1.87   -1.12 (VIOLATED)
_4385_/RESET_B                          0.75    1.87   -1.12 (VIOLATED)
_4381_/RESET_B                          0.75    1.87   -1.12 (VIOLATED)
_4383_/RESET_B                          0.75    1.87   -1.12 (VIOLATED)
_4382_/RESET_B                          0.75    1.87   -1.12 (VIOLATED)
rst_n                                   0.75    1.86   -1.11 (VIOLATED)
_4216_/B1                               0.75    0.83   -0.08 (VIOLATED)
_4218_/B1                               0.75    0.83   -0.08 (VIOLATED)
_4220_/B1                               0.75    0.83   -0.08 (VIOLATED)
_4222_/B1                               0.75    0.83   -0.08 (VIOLATED)
_4224_/B1                               0.75    0.83   -0.08 (VIOLATED)
_4226_/B1                               0.75    0.83   -0.08 (VIOLATED)
_4228_/B1                               0.75    0.83   -0.08 (VIOLATED)
_4230_/B1                               0.75    0.83   -0.08 (VIOLATED)
_3023_/C                                0.75    0.83   -0.08 (VIOLATED)
_3015_/Y                                0.75    0.83   -0.08 (VIOLATED)
_3783_/A2                               0.75    0.75   -0.00 (VIOLATED)
_3781_/A2                               0.75    0.75   -0.00 (VIOLATED)
_3769_/A1                               0.75    0.75   -0.00 (VIOLATED)
_3740_/A1                               0.75    0.75   -0.00 (VIOLATED)
_3742_/A1                               0.75    0.75   -0.00 (VIOLATED)
_3744_/A1                               0.75    0.75   -0.00 (VIOLATED)
_3748_/A1                               0.75    0.75   -0.00 (VIOLATED)
_3746_/A1                               0.75    0.75   -0.00 (VIOLATED)
_3737_/X                                0.75    0.75   -0.00 (VIOLATED)
_3787_/A1                               0.75    0.75   -0.00 (VIOLATED)
_3807_/A1                               0.75    0.75   -0.00 (VIOLATED)

max fanout

Pin                                   Limit Fanout  Slack
---------------------------------------------------------
rst_n                                    10     95    -85 (VIOLATED)

max capacitance

Pin                                    Limit     Cap   Slack
------------------------------------------------------------
rst_n                                   0.33    0.42   -0.09 (VIOLATED)



===========================================================================
report_parasitic_annotation -report_unannotated
============================================================================
Found 2693 unannotated drivers.
 clk
 rst_n
 _2116_/Y
 _2117_/Y
 _2118_/Y
 _2119_/Y
 _2120_/Y
 _2121_/Y
 _2122_/X
 _2123_/Y
 _2124_/Y
 _2125_/Y
 _2126_/Y
 _2127_/X
 _2128_/Y
 _2129_/Y
 _2130_/Y
 _2131_/X
 _2132_/Y
 _2133_/Y
 _2134_/X
 _2135_/Y
 _2136_/Y
 _2137_/X
 _2138_/Y
 _2139_/X
 _2140_/X
 _2141_/Y
 _2142_/Y
 _2143_/X
 _2144_/Y
 _2145_/Y
 _2146_/Y
 _2147_/Y
 _2148_/Y
 _2149_/X
 _2150_/X
 _2151_/Y
 _2152_/X
 _2153_/Y
 _2154_/Y
 _2155_/Y
 _2156_/X
 _2157_/Y
 _2158_/Y
 _2159_/X
 _2160_/Y
 _2161_/Y
 _2162_/Y
 _2163_/Y
 _2164_/X
 _2165_/X
 _2166_/Y
 _2167_/X
 _2168_/Y
 _2169_/Y
 _2170_/X
 _2171_/Y
 _2172_/X
 _2173_/X
 _2174_/Y
 _2175_/Y
 _2176_/Y
 _2177_/Y
 _2178_/Y
 _2179_/Y
 _2180_/Y
 _2181_/Y
 _2182_/Y
 _2183_/Y
 _2184_/Y
 _2185_/Y
 _2186_/X
 _2187_/X
 _2188_/X
 _2189_/X
 _2190_/X
 _2191_/X
 _2192_/Y
 _2193_/X
 _2194_/Y
 _2195_/Y
 _2196_/X
 _2197_/X
 _2198_/X
 _2199_/Y
 _2200_/X
 _2201_/Y
 _2202_/Y
 _2203_/X
 _2204_/Y
 _2205_/Y
 _2206_/X
 _2207_/Y
 _2208_/Y
 _2209_/Y
 _2210_/X
 _2211_/X
 _2212_/X
 _2213_/X
 _2214_/Y
 _2215_/Y
 _2216_/X
 _2217_/X
 _2218_/Y
 _2219_/X
 _2220_/X
 _2221_/Y
 _2222_/X
 _2223_/X
 _2224_/Y
 _2225_/X
 _2226_/Y
 _2227_/Y
 _2228_/Y
 _2229_/X
 _2230_/X
 _2231_/X
 _2232_/X
 _2233_/Y
 _2234_/Y
 _2235_/X
 _2236_/X
 _2237_/X
 _2238_/Y
 _2239_/X
 _2240_/X
 _2241_/Y
 _2242_/X
 _2243_/X
 _2244_/X
 _2245_/X
 _2246_/X
 _2247_/X
 _2248_/X
 _2249_/X
 _2250_/X
 _2251_/X
 _2252_/X
 _2253_/X
 _2254_/X
 _2255_/X
 _2256_/X
 _2257_/X
 _2258_/X
 _2259_/X
 _2260_/X
 _2261_/X
 _2262_/X
 _2263_/X
 _2264_/X
 _2265_/X
 _2266_/X
 _2267_/Y
 _2268_/X
 _2269_/X
 _2270_/X
 _2271_/Y
 _2272_/X
 _2273_/X
 _2274_/Y
 _2275_/X
 _2276_/X
 _2277_/X
 _2278_/X
 _2279_/Y
 _2280_/X
 _2281_/Y
 _2282_/X
 _2283_/X
 _2284_/X
 _2285_/X
 _2286_/X
 _2287_/X
 _2288_/X
 _2289_/Y
 _2290_/X
 _2291_/Y
 _2292_/X
 _2293_/X
 _2294_/Y
 _2295_/Y
 _2296_/X
 _2297_/X
 _2298_/X
 _2299_/X
 _2300_/X
 _2301_/X
 _2302_/Y
 _2303_/X
 _2304_/X
 _2305_/X
 _2306_/X
 _2307_/X
 _2308_/X
 _2309_/X
 _2310_/X
 _2311_/Y
 _2312_/X
 _2313_/X
 _2314_/X
 _2315_/X
 _2316_/X
 _2317_/X
 _2318_/X
 _2319_/X
 _2320_/X
 _2321_/X
 _2322_/X
 _2323_/X
 _2324_/X
 _2325_/X
 _2326_/X
 _2327_/X
 _2328_/X
 _2329_/X
 _2330_/Y
 _2331_/X
 _2332_/X
 _2333_/X
 _2334_/X
 _2335_/X
 _2336_/X
 _2337_/X
 _2338_/X
 _2339_/Y
 _2340_/X
 _2341_/Y
 _2342_/Y
 _2343_/X
 _2344_/X
 _2345_/X
 _2346_/X
 _2347_/X
 _2348_/X
 _2349_/X
 _2350_/X
 _2351_/X
 _2352_/X
 _2353_/Y
 _2354_/Y
 _2355_/X
 _2356_/X
 _2357_/X
 _2358_/Y
 _2359_/X
 _2360_/X
 _2361_/X
 _2362_/X
 _2363_/X
 _2364_/X
 _2365_/X
 _2366_/Y
 _2367_/X
 _2368_/Y
 _2369_/X
 _2370_/X
 _2371_/X
 _2372_/X
 _2373_/Y
 _2374_/X
 _2375_/Y
 _2376_/X
 _2377_/X
 _2378_/Y
 _2379_/X
 _2380_/Y
 _2381_/Y
 _2382_/X
 _2383_/X
 _2384_/X
 _2385_/X
 _2386_/X
 _2387_/X
 _2388_/Y
 _2389_/Y
 _2390_/Y
 _2391_/X
 _2392_/X
 _2393_/Y
 _2394_/Y
 _2395_/X
 _2396_/X
 _2397_/X
 _2398_/Y
 _2399_/X
 _2400_/X
 _2401_/X
 _2402_/X
 _2403_/X
 _2404_/Y
 _2405_/Y
 _2406_/Y
 _2407_/X
 _2408_/Y
 _2409_/X
 _2410_/X
 _2411_/Y
 _2412_/Y
 _2413_/Y
 _2414_/Y
 _2415_/Y
 _2416_/X
 _2417_/X
 _2418_/X
 _2419_/X
 _2420_/X
 _2421_/X
 _2422_/X
 _2423_/X
 _2424_/X
 _2425_/X
 _2426_/Y
 _2427_/X
 _2428_/Y
 _2429_/Y
 _2430_/Y
 _2431_/Y
 _2432_/X
 _2433_/Y
 _2434_/Y
 _2435_/X
 _2436_/Y
 _2437_/X
 _2438_/X
 _2439_/X
 _2440_/X
 _2441_/Y
 _2442_/Y
 _2443_/X
 _2444_/X
 _2445_/Y
 _2446_/X
 _2447_/X
 _2448_/Y
 _2449_/Y
 _2450_/Y
 _2451_/X
 _2452_/Y
 _2453_/Y
 _2454_/X
 _2455_/X
 _2456_/X
 _2457_/X
 _2458_/Y
 _2459_/X
 _2460_/Y
 _2461_/X
 _2462_/X
 _2463_/Y
 _2464_/X
 _2465_/Y
 _2466_/Y
 _2467_/Y
 _2468_/X
 _2469_/X
 _2470_/X
 _2471_/X
 _2472_/X
 _2473_/Y
 _2474_/Y
 _2475_/X
 _2476_/Y
 _2477_/Y
 _2478_/Y
 _2479_/Y
 _2480_/X
 _2481_/X
 _2482_/Y
 _2483_/Y
 _2484_/X
 _2485_/X
 _2486_/X
 _2487_/X
 _2488_/X
 _2489_/X
 _2490_/X
 _2491_/X
 _2492_/X
 _2493_/Y
 _2494_/X
 _2495_/X
 _2496_/X
 _2497_/X
 _2498_/X
 _2499_/Y
 _2500_/Y
 _2501_/Y
 _2502_/Y
 _2503_/X
 _2504_/X
 _2505_/X
 _2506_/X
 _2507_/X
 _2508_/Y
 _2509_/Y
 _2510_/Y
 _2511_/Y
 _2512_/Y
 _2513_/X
 _2514_/X
 _2515_/X
 _2516_/Y
 _2517_/X
 _2518_/X
 _2519_/X
 _2520_/X
 _2521_/Y
 _2522_/Y
 _2523_/X
 _2524_/Y
 _2525_/Y
 _2526_/Y
 _2527_/X
 _2528_/X
 _2529_/X
 _2530_/X
 _2531_/Y
 _2532_/Y
 _2533_/Y
 _2534_/Y
 _2535_/Y
 _2536_/X
 _2537_/X
 _2538_/Y
 _2539_/Y
 _2540_/Y
 _2541_/X
 _2542_/Y
 _2543_/X
 _2544_/X
 _2545_/Y
 _2546_/X
 _2547_/X
 _2548_/Y
 _2549_/Y
 _2550_/Y
 _2551_/X
 _2552_/Y
 _2553_/Y
 _2554_/Y
 _2555_/X
 _2556_/Y
 _2557_/X
 _2558_/Y
 _2559_/Y
 _2560_/Y
 _2561_/X
 _2562_/X
 _2563_/Y
 _2564_/Y
 _2565_/Y
 _2566_/Y
 _2567_/Y
 _2568_/Y
 _2569_/X
 _2570_/Y
 _2571_/Y
 _2572_/Y
 _2573_/Y
 _2574_/Y
 _2575_/X
 _2576_/Y
 _2577_/Y
 _2578_/Y
 _2579_/Y
 _2580_/Y
 _2581_/Y
 _2582_/X
 _2583_/Y
 _2584_/X
 _2585_/X
 _2586_/Y
 _2587_/Y
 _2588_/Y
 _2589_/Y
 _2590_/Y
 _2591_/Y
 _2592_/Y
 _2593_/X
 _2594_/X
 _2595_/Y
 _2596_/Y
 _2597_/Y
 _2598_/Y
 _2599_/Y
 _2600_/X
 _2601_/Y
 _2602_/Y
 _2603_/Y
 _2604_/X
 _2605_/Y
 _2606_/Y
 _2607_/Y
 _2608_/Y
 _2609_/Y
 _2610_/X
 _2611_/Y
 _2612_/Y
 _2613_/Y
 _2614_/X
 _2615_/Y
 _2616_/X
 _2617_/X
 _2618_/Y
 _2619_/Y
 _2620_/Y
 _2621_/X
 _2622_/Y
 _2623_/Y
 _2624_/Y
 _2625_/Y
 _2626_/X
 _2627_/Y
 _2628_/Y
 _2629_/X
 _2630_/Y
 _2631_/Y
 _2632_/Y
 _2633_/Y
 _2634_/X
 _2635_/X
 _2636_/Y
 _2637_/X
 _2638_/Y
 _2639_/Y
 _2640_/Y
 _2641_/X
 _2642_/X
 _2643_/Y
 _2644_/X
 _2645_/X
 _2646_/X
 _2647_/X
 _2648_/Y
 _2649_/X
 _2650_/X
 _2651_/X
 _2652_/X
 _2653_/X
 _2654_/Y
 _2655_/Y
 _2656_/X
 _2657_/X
 _2658_/X
 _2659_/X
 _2660_/X
 _2661_/X
 _2662_/Y
 _2663_/Y
 _2664_/Y
 _2665_/X
 _2666_/X
 _2667_/X
 _2668_/X
 _2669_/Y
 _2670_/X
 _2671_/Y
 _2672_/Y
 _2673_/Y
 _2674_/Y
 _2675_/X
 _2676_/X
 _2677_/Y
 _2678_/X
 _2679_/Y
 _2680_/Y
 _2681_/Y
 _2682_/X
 _2683_/Y
 _2684_/X
 _2685_/Y
 _2686_/X
 _2687_/Y
 _2688_/X
 _2689_/Y
 _2690_/Y
 _2691_/X
 _2692_/Y
 _2693_/X
 _2694_/Y
 _2695_/X
 _2696_/Y
 _2697_/Y
 _2698_/Y
 _2699_/Y
 _2700_/Y
 _2701_/X
 _2702_/X
 _2703_/X
 _2704_/Y
 _2705_/Y
 _2706_/X
 _2707_/Y
 _2708_/Y
 _2709_/X
 _2710_/Y
 _2711_/Y
 _2712_/Y
 _2713_/Y
 _2714_/X
 _2715_/X
 _2716_/X
 _2717_/X
 _2718_/X
 _2719_/X
 _2720_/X
 _2721_/X
 _2722_/Y
 _2723_/Y
 _2724_/Y
 _2725_/Y
 _2726_/X
 _2727_/X
 _2728_/X
 _2729_/X
 _2730_/X
 _2731_/X
 _2732_/Y
 _2733_/X
 _2734_/Y
 _2735_/Y
 _2736_/Y
 _2737_/Y
 _2738_/X
 _2739_/X
 _2740_/X
 _2741_/X
 _2742_/Y
 _2743_/Y
 _2744_/Y
 _2745_/X
 _2746_/X
 _2747_/X
 _2748_/X
 _2749_/Y
 _2750_/Y
 _2751_/Y
 _2752_/X
 _2753_/X
 _2754_/X
 _2755_/X
 _2756_/X
 _2757_/Y
 _2758_/Y
 _2759_/Y
 _2760_/X
 _2761_/X
 _2762_/X
 _2763_/X
 _2764_/Y
 _2765_/X
 _2766_/Y
 _2767_/X
 _2768_/X
 _2769_/Y
 _2770_/Y
 _2771_/X
 _2772_/X
 _2773_/X
 _2774_/X
 _2775_/X
 _2776_/X
 _2777_/Y
 _2778_/X
 _2779_/Y
 _2780_/Y
 _2781_/X
 _2782_/Y
 _2783_/Y
 _2784_/Y
 _2785_/X
 _2786_/X
 _2787_/Y
 _2788_/X
 _2789_/X
 _2790_/X
 _2791_/X
 _2792_/X
 _2793_/X
 _2794_/X
 _2795_/Y
 _2796_/X
 _2797_/Y
 _2798_/Y
 _2799_/X
 _2800_/X
 _2801_/X
 _2802_/Y
 _2803_/X
 _2804_/Y
 _2805_/X
 _2806_/X
 _2807_/Y
 _2808_/Y
 _2809_/Y
 _2810_/Y
 _2811_/X
 _2812_/X
 _2813_/Y
 _2814_/Y
 _2815_/X
 _2816_/Y
 _2817_/X
 _2818_/X
 _2819_/X
 _2820_/X
 _2821_/Y
 _2822_/X
 _2823_/Y
 _2824_/X
 _2825_/Y
 _2826_/X
 _2827_/Y
 _2828_/Y
 _2829_/Y
 _2830_/Y
 _2831_/Y
 _2832_/Y
 _2833_/Y
 _2834_/Y
 _2835_/Y
 _2836_/X
 _2837_/Y
 _2838_/X
 _2839_/X
 _2840_/Y
 _2841_/Y
 _2842_/Y
 _2843_/Y
 _2844_/Y
 _2845_/X
 _2846_/X
 _2847_/X
 _2848_/X
 _2849_/X
 _2850_/Y
 _2851_/X
 _2852_/X
 _2853_/X
 _2854_/X
 _2855_/X
 _2856_/X
 _2857_/Y
 _2858_/X
 _2859_/X
 _2860_/X
 _2861_/X
 _2862_/X
 _2863_/X
 _2864_/X
 _2865_/X
 _2866_/X
 _2867_/Y
 _2868_/X
 _2869_/X
 _2870_/X
 _2871_/X
 _2872_/Y
 _2873_/Y
 _2874_/Y
 _2875_/Y
 _2876_/X
 _2877_/Y
 _2878_/Y
 _2879_/Y
 _2880_/Y
 _2881_/Y
 _2882_/Y
 _2883_/Y
 _2884_/X
 _2885_/Y
 _2886_/Y
 _2887_/Y
 _2888_/X
 _2889_/X
 _2890_/Y
 _2891_/Y
 _2892_/Y
 _2893_/Y
 _2894_/X
 _2895_/Y
 _2896_/Y
 _2897_/Y
 _2898_/Y
 _2899_/X
 _2900_/Y
 _2901_/Y
 _2902_/Y
 _2903_/X
 _2904_/Y
 _2905_/Y
 _2906_/Y
 _2907_/Y
 _2908_/Y
 _2909_/Y
 _2910_/Y
 _2911_/X
 _2912_/Y
 _2913_/Y
 _2914_/Y
 _2915_/Y
 _2916_/Y
 _2917_/Y
 _2918_/Y
 _2919_/Y
 _2920_/Y
 _2921_/Y
 _2922_/Y
 _2923_/Y
 _2924_/Y
 _2925_/X
 _2926_/X
 _2927_/Y
 _2928_/Y
 _2929_/X
 _2930_/X
 _2931_/X
 _2932_/Y
 _2933_/X
 _2934_/Y
 _2935_/X
 _2936_/Y
 _2937_/Y
 _2938_/Y
 _2939_/X
 _2940_/Y
 _2941_/X
 _2942_/Y
 _2943_/Y
 _2944_/X
 _2945_/Y
 _2946_/Y
 _2947_/X
 _2948_/Y
 _2949_/X
 _2950_/Y
 _2951_/Y
 _2952_/Y
 _2953_/Y
 _2954_/Y
 _2955_/X
 _2956_/X
 _2957_/Y
 _2958_/X
 _2959_/X
 _2960_/Y
 _2961_/Y
 _2962_/Y
 _2963_/X
 _2964_/Y
 _2965_/Y
 _2966_/Y
 _2967_/X
 _2968_/X
 _2969_/Y
 _2970_/X
 _2971_/Y
 _2972_/X
 _2973_/X
 _2974_/X
 _2975_/Y
 _2976_/X
 _2977_/Y
 _2978_/X
 _2979_/Y
 _2980_/Y
 _2981_/X
 _2982_/X
 _2983_/Y
 _2984_/Y
 _2985_/Y
 _2986_/Y
 _2987_/Y
 _2988_/Y
 _2989_/X
 _2990_/Y
 _2991_/Y
 _2992_/Y
 _2993_/Y
 _2994_/X
 _2995_/X
 _2996_/X
 _2997_/Y
 _2998_/Y
 _2999_/Y
 _3000_/Y
 _3001_/Y
 _3002_/Y
 _3003_/Y
 _3004_/Y
 _3005_/Y
 _3006_/Y
 _3007_/Y
 _3008_/Y
 _3009_/Y
 _3010_/X
 _3011_/X
 _3012_/X
 _3013_/Y
 _3014_/Y
 _3015_/Y
 _3016_/Y
 _3017_/X
 _3018_/Y
 _3019_/Y
 _3020_/Y
 _3021_/Y
 _3022_/X
 _3023_/Y
 _3024_/Y
 _3025_/X
 _3026_/Y
 _3027_/X
 _3028_/Y
 _3029_/X
 _3030_/X
 _3031_/Y
 _3032_/X
 _3033_/X
 _3034_/X
 _3035_/X
 _3036_/X
 _3037_/Y
 _3038_/X
 _3039_/Y
 _3040_/Y
 _3041_/X
 _3042_/Y
 _3043_/Y
 _3044_/X
 _3045_/X
 _3046_/X
 _3047_/X
 _3048_/X
 _3049_/X
 _3050_/X
 _3051_/X
 _3052_/X
 _3053_/Y
 _3054_/Y
 _3055_/X
 _3056_/X
 _3057_/X
 _3058_/X
 _3059_/X
 _3060_/X
 _3061_/X
 _3062_/X
 _3063_/Y
 _3064_/Y
 _3065_/X
 _3066_/X
 _3067_/X
 _3068_/X
 _3069_/X
 _3070_/Y
 _3071_/X
 _3072_/X
 _3073_/X
 _3074_/X
 _3075_/X
 _3076_/X
 _3077_/X
 _3078_/X
 _3079_/X
 _3080_/X
 _3081_/X
 _3082_/X
 _3083_/X
 _3084_/X
 _3085_/X
 _3086_/X
 _3087_/X
 _3088_/X
 _3089_/X
 _3090_/X
 _3091_/X
 _3092_/X
 _3093_/X
 _3094_/X
 _3095_/X
 _3096_/X
 _3097_/Y
 _3098_/X
 _3099_/X
 _3100_/X
 _3101_/X
 _3102_/Y
 _3103_/X
 _3104_/X
 _3105_/X
 _3106_/X
 _3107_/X
 _3108_/X
 _3109_/X
 _3110_/Y
 _3111_/Y
 _3112_/Y
 _3113_/Y
 _3114_/Y
 _3115_/X
 _3116_/Y
 _3117_/Y
 _3118_/X
 _3119_/X
 _3120_/X
 _3121_/X
 _3122_/X
 _3123_/X
 _3124_/X
 _3125_/X
 _3126_/X
 _3127_/X
 _3128_/X
 _3129_/X
 _3130_/X
 _3131_/X
 _3132_/X
 _3133_/X
 _3134_/X
 _3135_/Y
 _3136_/X
 _3137_/X
 _3138_/X
 _3139_/X
 _3140_/X
 _3141_/Y
 _3142_/Y
 _3143_/Y
 _3144_/Y
 _3145_/Y
 _3146_/Y
 _3147_/X
 _3148_/Y
 _3149_/X
 _3150_/X
 _3151_/X
 _3152_/X
 _3153_/X
 _3154_/X
 _3155_/X
 _3156_/Y
 _3157_/Y
 _3158_/X
 _3159_/X
 _3160_/X
 _3161_/X
 _3162_/Y
 _3163_/Y
 _3164_/X
 _3165_/X
 _3166_/Y
 _3167_/Y
 _3168_/X
 _3169_/Y
 _3170_/Y
 _3171_/X
 _3172_/X
 _3173_/Y
 _3174_/Y
 _3175_/X
 _3176_/Y
 _3177_/Y
 _3178_/X
 _3179_/X
 _3180_/X
 _3181_/X
 _3182_/X
 _3183_/X
 _3184_/X
 _3185_/X
 _3186_/X
 _3187_/X
 _3188_/X
 _3189_/X
 _3190_/X
 _3191_/X
 _3192_/X
 _3193_/X
 _3194_/X
 _3195_/X
 _3196_/X
 _3197_/X
 _3198_/X
 _3199_/X
 _3200_/X
 _3201_/X
 _3202_/X
 _3203_/X
 _3204_/X
 _3205_/X
 _3206_/X
 _3207_/X
 _3208_/X
 _3209_/X
 _3210_/X
 _3211_/X
 _3212_/X
 _3213_/X
 _3214_/X
 _3215_/X
 _3216_/X
 _3217_/X
 _3218_/X
 _3219_/X
 _3220_/X
 _3221_/X
 _3222_/X
 _3223_/X
 _3224_/X
 _3225_/X
 _3226_/X
 _3227_/X
 _3228_/X
 _3229_/X
 _3230_/X
 _3231_/X
 _3232_/X
 _3233_/X
 _3234_/X
 _3235_/X
 _3236_/X
 _3237_/X
 _3238_/X
 _3239_/X
 _3240_/X
 _3241_/X
 _3242_/X
 _3243_/X
 _3244_/X
 _3245_/X
 _3246_/X
 _3247_/X
 _3248_/X
 _3249_/X
 _3250_/X
 _3251_/X
 _3252_/X
 _3253_/X
 _3254_/X
 _3255_/X
 _3256_/X
 _3257_/X
 _3258_/X
 _3259_/X
 _3260_/X
 _3261_/X
 _3262_/X
 _3263_/X
 _3264_/X
 _3265_/X
 _3266_/X
 _3267_/X
 _3268_/X
 _3269_/X
 _3270_/X
 _3271_/X
 _3272_/X
 _3273_/X
 _3274_/X
 _3275_/X
 _3276_/X
 _3277_/X
 _3278_/X
 _3279_/X
 _3280_/X
 _3281_/X
 _3282_/X
 _3283_/X
 _3284_/X
 _3285_/X
 _3286_/X
 _3287_/X
 _3288_/X
 _3289_/X
 _3290_/X
 _3291_/X
 _3292_/X
 _3293_/X
 _3294_/X
 _3295_/X
 _3296_/X
 _3297_/X
 _3298_/X
 _3299_/X
 _3300_/X
 _3301_/X
 _3302_/X
 _3303_/X
 _3304_/X
 _3305_/X
 _3306_/X
 _3307_/X
 _3308_/X
 _3309_/X
 _3310_/X
 _3311_/X
 _3312_/X
 _3313_/X
 _3314_/X
 _3315_/X
 _3316_/X
 _3317_/X
 _3318_/X
 _3319_/X
 _3320_/X
 _3321_/X
 _3322_/X
 _3323_/X
 _3324_/X
 _3325_/X
 _3326_/X
 _3327_/X
 _3328_/X
 _3329_/X
 _3330_/X
 _3331_/X
 _3332_/X
 _3333_/X
 _3334_/X
 _3335_/X
 _3336_/X
 _3337_/X
 _3338_/X
 _3339_/X
 _3340_/X
 _3341_/X
 _3342_/X
 _3343_/X
 _3344_/X
 _3345_/X
 _3346_/X
 _3347_/X
 _3348_/X
 _3349_/X
 _3350_/X
 _3351_/X
 _3352_/X
 _3353_/X
 _3354_/X
 _3355_/X
 _3356_/X
 _3357_/X
 _3358_/X
 _3359_/X
 _3360_/X
 _3361_/X
 _3362_/X
 _3363_/X
 _3364_/X
 _3365_/X
 _3366_/X
 _3367_/X
 _3368_/X
 _3369_/X
 _3370_/X
 _3371_/X
 _3372_/X
 _3373_/X
 _3374_/X
 _3375_/X
 _3376_/X
 _3377_/X
 _3378_/X
 _3379_/X
 _3380_/X
 _3381_/X
 _3382_/X
 _3383_/X
 _3384_/X
 _3385_/X
 _3386_/X
 _3387_/X
 _3388_/X
 _3389_/X
 _3390_/X
 _3391_/Y
 _3392_/Y
 _3393_/Y
 _3394_/X
 _3395_/Y
 _3396_/X
 _3397_/X
 _3398_/X
 _3399_/X
 _3400_/X
 _3401_/Y
 _3402_/X
 _3403_/X
 _3404_/Y
 _3405_/X
 _3406_/Y
 _3407_/X
 _3408_/Y
 _3409_/X
 _3410_/Y
 _3411_/X
 _3412_/Y
 _3413_/X
 _3414_/X
 _3415_/X
 _3416_/X
 _3417_/Y
 _3418_/X
 _3419_/Y
 _3420_/X
 _3421_/Y
 _3422_/X
 _3423_/X
 _3424_/Y
 _3425_/X
 _3426_/Y
 _3427_/Y
 _3428_/X
 _3429_/X
 _3430_/X
 _3431_/X
 _3432_/Y
 _3433_/X
 _3434_/Y
 _3435_/X
 _3436_/Y
 _3437_/X
 _3438_/X
 _3439_/X
 _3440_/X
 _3441_/Y
 _3442_/Y
 _3443_/X
 _3444_/Y
 _3445_/X
 _3446_/Y
 _3447_/X
 _3448_/X
 _3449_/Y
 _3450_/X
 _3451_/X
 _3452_/Y
 _3453_/X
 _3454_/X
 _3455_/X
 _3456_/X
 _3457_/Y
 _3458_/X
 _3459_/Y
 _3460_/X
 _3461_/Y
 _3462_/Y
 _3463_/X
 _3464_/X
 _3465_/Y
 _3466_/Y
 _3467_/X
 _3468_/Y
 _3469_/X
 _3470_/X
 _3471_/X
 _3472_/Y
 _3473_/X
 _3474_/X
 _3475_/Y
 _3476_/X
 _3477_/X
 _3478_/Y
 _3479_/X
 _3480_/Y
 _3481_/X
 _3482_/Y
 _3483_/X
 _3484_/Y
 _3485_/X
 _3486_/Y
 _3487_/Y
 _3488_/X
 _3489_/Y
 _3490_/Y
 _3491_/X
 _3492_/Y
 _3493_/X
 _3494_/Y
 _3495_/X
 _3496_/Y
 _3497_/X
 _3498_/Y
 _3499_/Y
 _3500_/X
 _3501_/Y
 _3502_/X
 _3503_/Y
 _3504_/X
 _3505_/Y
 _3506_/X
 _3507_/X
 _3508_/X
 _3509_/X
 _3510_/X
 _3511_/X
 _3512_/X
 _3513_/X
 _3514_/X
 _3515_/X
 _3516_/X
 _3517_/X
 _3518_/X
 _3519_/X
 _3520_/X
 _3521_/X
 _3522_/X
 _3523_/X
 _3524_/X
 _3525_/X
 _3526_/X
 _3527_/X
 _3528_/X
 _3529_/X
 _3530_/X
 _3531_/X
 _3532_/X
 _3533_/X
 _3534_/X
 _3535_/X
 _3536_/X
 _3537_/X
 _3538_/X
 _3539_/X
 _3540_/X
 _3541_/X
 _3542_/X
 _3543_/X
 _3544_/X
 _3545_/X
 _3546_/X
 _3547_/X
 _3548_/X
 _3549_/X
 _3550_/X
 _3551_/X
 _3552_/X
 _3553_/X
 _3554_/X
 _3555_/X
 _3556_/X
 _3557_/X
 _3558_/X
 _3559_/X
 _3560_/X
 _3561_/X
 _3562_/X
 _3563_/X
 _3564_/X
 _3565_/X
 _3566_/X
 _3567_/X
 _3568_/X
 _3569_/X
 _3570_/X
 _3571_/X
 _3572_/X
 _3573_/X
 _3574_/X
 _3575_/X
 _3576_/X
 _3577_/X
 _3578_/X
 _3579_/X
 _3580_/X
 _3581_/X
 _3582_/X
 _3583_/X
 _3584_/X
 _3585_/X
 _3586_/X
 _3587_/X
 _3588_/X
 _3589_/X
 _3590_/X
 _3591_/X
 _3592_/X
 _3593_/X
 _3594_/X
 _3595_/X
 _3596_/X
 _3597_/X
 _3598_/X
 _3599_/X
 _3600_/X
 _3601_/X
 _3602_/X
 _3603_/X
 _3604_/X
 _3605_/X
 _3606_/X
 _3607_/X
 _3608_/X
 _3609_/X
 _3610_/X
 _3611_/X
 _3612_/X
 _3613_/X
 _3614_/X
 _3615_/X
 _3616_/X
 _3617_/X
 _3618_/X
 _3619_/X
 _3620_/X
 _3621_/X
 _3622_/X
 _3623_/X
 _3624_/X
 _3625_/X
 _3626_/X
 _3627_/X
 _3628_/X
 _3629_/X
 _3630_/X
 _3631_/X
 _3632_/X
 _3633_/X
 _3634_/X
 _3635_/X
 _3636_/X
 _3637_/X
 _3638_/X
 _3639_/X
 _3640_/X
 _3641_/X
 _3642_/X
 _3643_/X
 _3644_/X
 _3645_/X
 _3646_/X
 _3647_/X
 _3648_/X
 _3649_/X
 _3650_/X
 _3651_/X
 _3652_/X
 _3653_/X
 _3654_/X
 _3655_/X
 _3656_/X
 _3657_/X
 _3658_/X
 _3659_/X
 _3660_/X
 _3661_/X
 _3662_/X
 _3663_/X
 _3664_/X
 _3665_/X
 _3666_/X
 _3667_/X
 _3668_/X
 _3669_/X
 _3670_/X
 _3671_/X
 _3672_/X
 _3673_/X
 _3674_/X
 _3675_/X
 _3676_/X
 _3677_/X
 _3678_/X
 _3679_/X
 _3680_/X
 _3681_/X
 _3682_/X
 _3683_/X
 _3684_/X
 _3685_/X
 _3686_/X
 _3687_/X
 _3688_/X
 _3689_/X
 _3690_/X
 _3691_/X
 _3692_/X
 _3693_/X
 _3694_/X
 _3695_/X
 _3696_/X
 _3697_/X
 _3698_/X
 _3699_/X
 _3700_/X
 _3701_/X
 _3702_/X
 _3703_/X
 _3704_/X
 _3705_/X
 _3706_/X
 _3707_/X
 _3708_/X
 _3709_/X
 _3710_/X
 _3711_/X
 _3712_/X
 _3713_/X
 _3714_/X
 _3715_/X
 _3716_/X
 _3717_/X
 _3718_/X
 _3719_/X
 _3720_/X
 _3721_/X
 _3722_/X
 _3723_/X
 _3724_/X
 _3725_/X
 _3726_/X
 _3727_/X
 _3728_/X
 _3729_/X
 _3730_/X
 _3731_/X
 _3732_/X
 _3733_/X
 _3734_/X
 _3735_/X
 _3736_/X
 _3737_/X
 _3738_/X
 _3739_/Y
 _3740_/Y
 _3741_/Y
 _3742_/Y
 _3743_/Y
 _3744_/Y
 _3745_/Y
 _3746_/Y
 _3747_/Y
 _3748_/Y
 _3749_/X
 _3750_/X
 _3751_/X
 _3752_/X
 _3753_/X
 _3754_/X
 _3755_/X
 _3756_/X
 _3757_/X
 _3758_/X
 _3759_/X
 _3760_/X
 _3761_/X
 _3762_/X
 _3763_/X
 _3764_/X
 _3765_/X
 _3766_/X
 _3767_/X
 _3768_/Y
 _3769_/Y
 _3770_/X
 _3771_/X
 _3772_/X
 _3773_/X
 _3774_/X
 _3775_/X
 _3776_/X
 _3777_/X
 _3778_/X
 _3779_/X
 _3780_/X
 _3781_/X
 _3782_/X
 _3783_/X
 _3784_/X
 _3785_/X
 _3786_/Y
 _3787_/Y
 _3788_/X
 _3789_/X
 _3790_/Y
 _3791_/Y
 _3792_/X
 _3793_/X
 _3794_/X
 _3795_/X
 _3796_/X
 _3797_/X
 _3798_/Y
 _3799_/Y
 _3800_/Y
 _3801_/Y
 _3802_/X
 _3803_/X
 _3804_/X
 _3805_/X
 _3806_/Y
 _3807_/Y
 _3808_/X
 _3809_/X
 _3810_/X
 _3811_/X
 _3812_/X
 _3813_/X
 _3814_/X
 _3815_/X
 _3816_/X
 _3817_/X
 _3818_/X
 _3819_/X
 _3820_/X
 _3821_/X
 _3822_/X
 _3823_/X
 _3824_/X
 _3825_/X
 _3826_/X
 _3827_/X
 _3828_/X
 _3829_/X
 _3830_/X
 _3831_/X
 _3832_/X
 _3833_/X
 _3834_/X
 _3835_/X
 _3836_/X
 _3837_/X
 _3838_/X
 _3839_/X
 _3840_/X
 _3841_/X
 _3842_/X
 _3843_/X
 _3844_/X
 _3845_/X
 _3846_/X
 _3847_/X
 _3848_/X
 _3849_/X
 _3850_/X
 _3851_/X
 _3852_/X
 _3853_/X
 _3854_/X
 _3855_/X
 _3856_/X
 _3857_/X
 _3858_/X
 _3859_/X
 _3860_/X
 _3861_/X
 _3862_/X
 _3863_/X
 _3864_/X
 _3865_/X
 _3866_/X
 _3867_/X
 _3868_/X
 _3869_/X
 _3870_/X
 _3871_/X
 _3872_/X
 _3873_/X
 _3874_/X
 _3875_/X
 _3876_/X
 _3877_/X
 _3878_/X
 _3879_/X
 _3880_/X
 _3881_/X
 _3882_/X
 _3883_/X
 _3884_/X
 _3885_/X
 _3886_/X
 _3887_/X
 _3888_/X
 _3889_/X
 _3890_/X
 _3891_/X
 _3892_/X
 _3893_/X
 _3894_/X
 _3895_/X
 _3896_/X
 _3897_/X
 _3898_/X
 _3899_/X
 _3900_/X
 _3901_/X
 _3902_/X
 _3903_/X
 _3904_/X
 _3905_/X
 _3906_/X
 _3907_/X
 _3908_/X
 _3909_/X
 _3910_/X
 _3911_/X
 _3912_/X
 _3913_/X
 _3914_/X
 _3915_/X
 _3916_/X
 _3917_/X
 _3918_/X
 _3919_/X
 _3920_/X
 _3921_/X
 _3922_/X
 _3923_/X
 _3924_/X
 _3925_/X
 _3926_/X
 _3927_/X
 _3928_/X
 _3929_/X
 _3930_/X
 _3931_/X
 _3932_/X
 _3933_/X
 _3934_/X
 _3935_/X
 _3936_/X
 _3937_/X
 _3938_/X
 _3939_/X
 _3940_/X
 _3941_/X
 _3942_/X
 _3943_/X
 _3944_/X
 _3945_/X
 _3946_/X
 _3947_/X
 _3948_/X
 _3949_/X
 _3950_/X
 _3951_/X
 _3952_/X
 _3953_/X
 _3954_/X
 _3955_/X
 _3956_/X
 _3957_/X
 _3958_/X
 _3959_/X
 _3960_/X
 _3961_/X
 _3962_/X
 _3963_/X
 _3964_/X
 _3965_/X
 _3966_/X
 _3967_/X
 _3968_/X
 _3969_/X
 _3970_/X
 _3971_/X
 _3972_/X
 _3973_/X
 _3974_/X
 _3975_/X
 _3976_/X
 _3977_/X
 _3978_/X
 _3979_/X
 _3980_/X
 _3981_/X
 _3982_/X
 _3983_/X
 _3984_/X
 _3985_/X
 _3986_/X
 _3987_/X
 _3988_/X
 _3989_/X
 _3990_/X
 _3991_/X
 _3992_/X
 _3993_/X
 _3994_/X
 _3995_/X
 _3996_/X
 _3997_/X
 _3998_/X
 _3999_/X
 _4000_/X
 _4001_/X
 _4002_/X
 _4003_/X
 _4004_/X
 _4005_/X
 _4006_/X
 _4007_/X
 _4008_/X
 _4009_/X
 _4010_/X
 _4011_/X
 _4012_/X
 _4013_/X
 _4014_/X
 _4015_/X
 _4016_/X
 _4017_/X
 _4018_/X
 _4019_/X
 _4020_/X
 _4021_/X
 _4022_/X
 _4023_/X
 _4024_/X
 _4025_/X
 _4026_/X
 _4027_/X
 _4028_/X
 _4029_/X
 _4030_/X
 _4031_/X
 _4032_/X
 _4033_/X
 _4034_/X
 _4035_/X
 _4036_/X
 _4037_/X
 _4038_/X
 _4039_/X
 _4040_/X
 _4041_/X
 _4042_/X
 _4043_/X
 _4044_/X
 _4045_/X
 _4046_/X
 _4047_/X
 _4048_/X
 _4049_/X
 _4050_/X
 _4051_/X
 _4052_/X
 _4053_/X
 _4054_/X
 _4055_/X
 _4056_/X
 _4057_/X
 _4058_/X
 _4059_/X
 _4060_/X
 _4061_/X
 _4062_/X
 _4063_/X
 _4064_/X
 _4065_/X
 _4066_/X
 _4067_/X
 _4068_/X
 _4069_/X
 _4070_/X
 _4071_/X
 _4072_/X
 _4073_/X
 _4074_/X
 _4075_/X
 _4076_/X
 _4077_/X
 _4078_/X
 _4079_/X
 _4080_/X
 _4081_/X
 _4082_/X
 _4083_/X
 _4084_/X
 _4085_/X
 _4086_/X
 _4087_/X
 _4088_/X
 _4089_/X
 _4090_/X
 _4091_/X
 _4092_/X
 _4093_/X
 _4094_/X
 _4095_/X
 _4096_/X
 _4097_/X
 _4098_/X
 _4099_/X
 _4100_/X
 _4101_/X
 _4102_/X
 _4103_/X
 _4104_/X
 _4105_/X
 _4106_/X
 _4107_/X
 _4108_/X
 _4109_/X
 _4110_/X
 _4111_/X
 _4112_/X
 _4113_/X
 _4114_/X
 _4115_/X
 _4116_/X
 _4117_/X
 _4118_/X
 _4119_/X
 _4120_/X
 _4121_/X
 _4122_/X
 _4123_/X
 _4124_/X
 _4125_/X
 _4126_/X
 _4127_/X
 _4128_/Y
 _4129_/Y
 _4130_/Y
 _4131_/X
 _4132_/Y
 _4133_/Y
 _4134_/X
 _4135_/Y
 _4136_/Y
 _4137_/X
 _4138_/Y
 _4139_/Y
 _4140_/Y
 _4141_/Y
 _4142_/Y
 _4143_/Y
 _4144_/X
 _4145_/Y
 _4146_/Y
 _4147_/X
 _4148_/Y
 _4149_/Y
 _4150_/Y
 _4151_/Y
 _4152_/X
 _4153_/X
 _4154_/X
 _4155_/X
 _4156_/X
 _4157_/X
 _4158_/X
 _4159_/X
 _4160_/X
 _4161_/X
 _4162_/X
 _4163_/X
 _4164_/X
 _4165_/X
 _4166_/X
 _4167_/X
 _4168_/X
 _4169_/X
 _4170_/X
 _4171_/X
 _4172_/X
 _4173_/X
 _4174_/X
 _4175_/X
 _4176_/X
 _4177_/X
 _4178_/X
 _4179_/X
 _4180_/X
 _4181_/X
 _4182_/X
 _4183_/X
 _4184_/X
 _4185_/X
 _4186_/X
 _4187_/X
 _4188_/X
 _4189_/X
 _4190_/X
 _4191_/X
 _4192_/X
 _4193_/X
 _4194_/X
 _4195_/X
 _4196_/X
 _4197_/X
 _4198_/X
 _4199_/X
 _4200_/X
 _4201_/X
 _4202_/X
 _4203_/X
 _4204_/X
 _4205_/X
 _4206_/X
 _4207_/X
 _4208_/X
 _4209_/X
 _4210_/X
 _4211_/X
 _4212_/X
 _4213_/X
 _4214_/X
 _4215_/X
 _4216_/X
 _4217_/Y
 _4218_/X
 _4219_/Y
 _4220_/X
 _4221_/Y
 _4222_/X
 _4223_/Y
 _4224_/X
 _4225_/Y
 _4226_/X
 _4227_/Y
 _4228_/X
 _4229_/Y
 _4230_/X
 _4231_/Y
 _4232_/Q
 _4233_/Q
 _4234_/Q
 _4235_/Q
 _4236_/Q
 _4237_/Q
 _4238_/Q
 _4239_/Q
 _4240_/Q
 _4241_/Q
 _4242_/Q
 _4243_/Q
 _4244_/Q
 _4245_/Q
 _4246_/Q
 _4247_/Q
 _4248_/Q
 _4249_/Q
 _4250_/Q
 _4251_/Q
 _4252_/Q
 _4253_/Q
 _4254_/Q
 _4255_/Q
 _4256_/Q
 _4257_/Q
 _4258_/Q
 _4259_/Q
 _4260_/Q
 _4261_/Q
 _4262_/Q
 _4263_/Q
 _4264_/Q
 _4265_/Q
 _4266_/Q
 _4267_/Q
 _4268_/Q
 _4269_/Q
 _4270_/Q
 _4271_/Q
 _4272_/Q
 _4273_/Q
 _4274_/Q
 _4275_/Q
 _4276_/Q
 _4277_/Q
 _4278_/Q
 _4279_/Q
 _4280_/Q
 _4281_/Q
 _4282_/Q
 _4283_/Q
 _4284_/Q
 _4285_/Q
 _4286_/Q
 _4287_/Q
 _4288_/Q
 _4289_/Q
 _4290_/Q
 _4291_/Q
 _4292_/Q
 _4293_/Q
 _4294_/Q
 _4295_/Q
 _4296_/Q
 _4297_/Q
 _4298_/Q
 _4299_/Q
 _4300_/Q
 _4301_/Q
 _4302_/Q
 _4303_/Q
 _4304_/Q
 _4305_/Q
 _4306_/Q
 _4307_/Q
 _4308_/Q
 _4309_/Q
 _4310_/Q
 _4311_/Q
 _4312_/Q
 _4313_/Q
 _4314_/Q
 _4315_/Q
 _4316_/Q
 _4317_/Q
 _4318_/Q
 _4319_/Q
 _4320_/Q
 _4321_/Q
 _4322_/Q
 _4323_/Q
 _4324_/Q
 _4325_/Q
 _4326_/Q
 _4327_/Q
 _4328_/Q
 _4329_/Q
 _4330_/Q
 _4331_/Q
 _4332_/Q
 _4333_/Q
 _4334_/Q
 _4335_/Q
 _4336_/Q
 _4337_/Q
 _4338_/Q
 _4339_/Q
 _4340_/Q
 _4341_/Q
 _4342_/Q
 _4343_/Q
 _4344_/Q
 _4345_/Q
 _4346_/Q
 _4347_/Q
 _4348_/Q
 _4349_/Q
 _4350_/Q
 _4351_/Q
 _4352_/Q
 _4353_/Q
 _4354_/Q
 _4355_/Q
 _4356_/Q
 _4357_/Q
 _4358_/Q
 _4359_/Q
 _4360_/Q
 _4361_/Q
 _4362_/Q
 _4363_/Q
 _4364_/Q
 _4365_/Q
 _4366_/Q
 _4367_/Q
 _4368_/Q
 _4369_/Q
 _4370_/Q
 _4371_/Q
 _4372_/Q
 _4373_/Q
 _4374_/Q
 _4375_/Q
 _4376_/Q
 _4377_/Q
 _4378_/Q
 _4379_/Q
 _4380_/Q
 _4381_/Q
 _4382_/Q
 _4383_/Q
 _4384_/Q
 _4385_/Q
 _4386_/Q
 _4387_/Q
 _4388_/Q
 _4389_/Q
 _4390_/Q
 _4391_/Q
 _4392_/Q
 _4393_/Q
 _4394_/Q
 _4395_/Q
 _4396_/Q
 _4397_/Q
 _4398_/Q
 _4399_/Q
 _4400_/Q
 _4401_/Q
 _4402_/Q
 _4403_/Q
 _4404_/Q
 _4405_/Q
 _4406_/Q
 _4407_/Q
 _4408_/Q
 _4409_/Q
 _4410_/Q
 _4411_/Q
 _4412_/Q
 _4413_/Q
 _4414_/Q
 _4415_/Q
 _4416_/Q
 _4417_/Q
 _4418_/Q
 _4419_/Q
 _4420_/Q
 _4421_/Q
 _4422_/Q
 _4423_/Q
 _4424_/Q
 _4425_/Q
 _4426_/Q
 _4427_/Q
 _4428_/Q
 _4429_/Q
 _4430_/Q
 _4431_/Q
 _4432_/Q
 _4433_/Q
 _4434_/Q
 _4435_/Q
 _4436_/Q
 _4437_/Q
 _4438_/Q
 _4439_/Q
 _4440_/Q
 _4441_/Q
 _4442_/Q
 _4443_/Q
 _4444_/Q
 _4445_/Q
 _4446_/Q
 _4447_/Q
 _4448_/Q
 _4449_/Q
 _4450_/Q
 _4451_/Q
 _4452_/Q
 _4453_/Q
 _4454_/Q
 _4455_/Q
 _4456_/Q
 _4457_/Q
 _4458_/Q
 _4459_/Q
 _4460_/Q
 _4461_/Q
 _4462_/Q
 _4463_/Q
 _4464_/Q
 _4465_/Q
 _4466_/Q
 _4467_/Q
 _4468_/Q
 _4469_/Q
 _4470_/Q
 _4471_/Q
 _4472_/Q
 _4473_/Q
 _4474_/Q
 _4475_/Q
 _4476_/Q
 _4477_/Q
 _4478_/Q
 _4479_/Q
 _4480_/Q
 _4481_/Q
 _4482_/Q
 _4483_/Q
 _4484_/Q
 _4485_/Q
 _4486_/Q
 _4487_/Q
 _4488_/Q
 _4489_/Q
 _4490_/Q
 _4491_/Q
 _4492_/Q
 _4493_/Q
 _4494_/Q
 _4495_/Q
 _4496_/Q
 _4497_/Q
 _4498_/Q
 _4499_/Q
 _4500_/Q
 _4501_/Q
 _4502_/Q
 _4503_/Q
 _4504_/Q
 _4505_/Q
 _4506_/Q
 _4507_/Q
 _4508_/Q
 _4509_/Q
 _4510_/Q
 _4511_/Q
 _4512_/Q
 _4513_/Q
 _4514_/Q
 _4515_/Q
 _4516_/Q
 _4517_/Q
 _4518_/Q
 _4519_/Q
 _4520_/Q
 _4521_/Q
 _4522_/Q
 _4523_/Q
 _4524_/Q
 _4525_/Q
 _4526_/Q
 _4527_/Q
 _4528_/Q
 _4529_/Q
 _4530_/Q
 _4531_/Q
 _4532_/Q
 _4533_/Q
 _4534_/Q
 _4535_/Q
 _4536_/Q
 _4537_/Q
 _4538_/Q
 _4539_/Q
 _4540_/Q
 _4541_/Q
 _4542_/Q
 _4543_/Q
 _4544_/Q
 _4545_/Q
 _4546_/Q
 _4547_/Q
 _4548_/Q
 _4549_/Q
 _4550_/Q
 _4551_/Q
 _4552_/Q
 _4553_/Q
 _4554_/Q
 _4555_/Q
 _4556_/Q
 _4557_/Q
 _4558_/Q
 _4559_/Q
 _4560_/Q
 _4561_/Q
 _4562_/Q
 _4563_/Q
 _4564_/Q
 _4565_/Q
 _4566_/Q
 _4567_/Q
 _4568_/Q
 _4569_/Q
 _4570_/Q
 _4571_/Q
 _4572_/Q
 _4573_/Q
 _4574_/Q
 _4575_/Q
 _4576_/Q
 _4577_/Q
 _4578_/Q
 _4579_/Q
 _4580_/Q
 _4581_/Q
 _4582_/Q
 _4583_/Q
 _4584_/Q
 _4585_/Q
 _4586_/Q
 _4587_/Q
 _4588_/Q
 _4589_/Q
 _4590_/Q
 _4591_/Q
 _4592_/Q
 _4593_/Q
 _4594_/Q
 _4595_/Q
 _4596_/Q
 _4597_/Q
 _4598_/Q
 _4599_/Q
 _4600_/Q
 _4601_/Q
 _4602_/Q
 _4603_/Q
 _4604_/Q
 _4605_/Q
 _4606_/Q
 _4607_/Q
 _4608_/Q
 _4609_/Q
 _4610_/Q
 _4611_/Q
 _4612_/Q
 _4613_/Q
 _4614_/Q
 _4615_/Q
 _4616_/Q
 _4617_/Q
 _4618_/Q
 _4619_/Q
 _4620_/Q
 _4621_/Q
 _4622_/Q
 _4623_/Q
 _4624_/Q
 _4625_/Q
 _4626_/Q
 _4627_/Q
 _4628_/Q
 _4629_/Q
 _4630_/Q
 _4631_/Q
 _4632_/Q
 _4633_/Q
 _4634_/Q
 _4635_/Q
 _4636_/Q
 _4637_/Q
 _4638_/Q
 _4639_/Q
 _4640_/Q
 _4641_/Q
 _4642_/Q
 _4643_/Q
 _4644_/Q
 _4645_/Q
 _4646_/Q
 _4647_/Q
 _4648_/Q
 _4649_/Q
 _4650_/Q
 _4651_/Q
 _4652_/Q
 _4653_/Q
 _4654_/Q
 _4655_/Q
 _4656_/Q
 _4657_/Q
 _4658_/Q
 _4659_/Q
 _4660_/Q
 _4661_/Q
 _4662_/Q
 _4663_/Q
 _4664_/Q
 _4665_/Q
 _4666_/Q
 _4667_/Q
 _4668_/Q
 _4669_/Q
 _4670_/Q
 _4671_/Q
 _4672_/Q
 _4673_/Q
 _4674_/Q
 _4675_/Q
 _4676_/Q
 _4677_/Q
 _4678_/Q
 _4679_/Q
 _4680_/Q
 _4681_/Q
 _4682_/Q
 _4683_/Q
 _4684_/Q
 _4685_/Q
 _4686_/Q
 _4687_/Q
 _4688_/Q
 _4689_/Q
 _4690_/Q
 _4691_/Q
 _4692_/Q
 _4693_/Q
 _4694_/Q
 _4695_/Q
 _4696_/Q
 _4697_/Q
 _4698_/Q
 _4699_/Q
 _4700_/Q
 _4701_/Q
 _4702_/Q
 _4703_/Q
 _4704_/Q
 _4705_/Q
 _4706_/Q
 _4707_/Q
 _4708_/Q
 _4709_/Q
 _4710_/Q
 _4711_/Q
 _4712_/Q
 _4713_/Q
 _4714_/Q
 _4715_/Q
 _4716_/Q
 _4717_/Q
 _4718_/Q
 _4719_/Q
 _4720_/Q
 _4721_/Q
 _4722_/Q
 _4723_/Q
 _4724_/Q
 _4725_/Q
 _4726_/Q
 _4727_/Q
 _4728_/Q
 _4729_/Q
 _4730_/Q
 _4731_/Q
 _4732_/Q
 _4733_/Q
 _4734_/Q
 _4735_/Q
 _4736_/Q
 _4737_/Q
 _4738_/Q
 _4739_/Q
 _4740_/Q
 _4741_/Q
 _4742_/Q
 _4743_/Q
 _4744_/Q
 _4745_/Q
 _4746_/Q
 _4747_/Q
 _4748_/Q
 _4749_/Q
 _4750_/Q
 _4751_/Q
 _4752_/Q
 _4753_/Q
 _4754_/Q
 _4755_/Q
 _4756_/Q
 _4757_/Q
 _4758_/Q
 _4759_/Q
 _4760_/Q
 _4761_/Q
 _4762_/Q
 _4763_/Q
 _4764_/Q
 _4765_/Q
 _4766_/Q
 _4767_/Q
 _4768_/Q
 _4769_/Q
 _4770_/Q
 _4771_/Q
 _4772_/Q
 _4773_/Q
 _4774_/Q
 _4775_/Q
 _4776_/Q
 _4777_/Q
 _4778_/Q
 _4779_/Q
 _4780_/Q
 _4781_/Q
 _4782_/Q
 _4783_/Q
 _4784_/Q
 _4785_/Q
 _4786_/Q
 _4787_/Q
 _4788_/Q
 _4789_/Q
 _4790_/Q
 _4791_/Q
 _4792_/Q
 _4793_/Q
 _4794_/Q
 _4795_/Q
 _4796_/Q
 _4797_/Q
 _4798_/Q
 _4799_/Q
 _4800_/Q
 _4801_/Q
 _4802_/Q
 _4803_/Q
 _4804_/Q
 _4805_/Q
 _4806_/Q
Found 0 partially unannotated drivers.

===========================================================================
max slew violation count 117
max fanout violation count 1
max cap violation count 1
============================================================================

===========================================================================
check_setup -verbose -unconstrained_endpoints -multiple_clock -no_clock -no_input_delay -loops -generated_clocks
===========================================================================
