
===========================================================================
report_checks -unconstrained
===========================================================================
======================= Fastest Corner ===================================

Startpoint: rst_n (input port clocked by clk)
Endpoint: _4432_ (recovery check against rising-edge clock clk)
Path Group: asynchronous
Path Type: max
Corner: Fastest

Fanout     Cap    Slew   Delay    Time   Description
-----------------------------------------------------------------------------
                          0.00    0.00   clock clk (rise edge)
                          0.00    0.00   clock network delay (propagated)
                          4.00    4.00 ^ input external delay
                  0.02    0.01    4.01 ^ rst_n (in)
     1    0.00                           rst_n (net)
                  0.02    0.00    4.01 ^ input1/A (sky130_fd_sc_hd__buf_1)
                  0.20    0.17    4.18 ^ input1/X (sky130_fd_sc_hd__buf_1)
     1    0.02                           net1 (net)
                  0.20    0.00    4.18 ^ fanout33/A (sky130_fd_sc_hd__clkbuf_4)
                  0.16    0.23    4.41 ^ fanout33/X (sky130_fd_sc_hd__clkbuf_4)
     7    0.07                           net33 (net)
                  0.16    0.01    4.41 ^ fanout23/A (sky130_fd_sc_hd__clkbuf_4)
                  0.11    0.19    4.60 ^ fanout23/X (sky130_fd_sc_hd__clkbuf_4)
     9    0.05                           net23 (net)
                  0.11    0.00    4.60 ^ fanout22/A (sky130_fd_sc_hd__clkbuf_2)
                  0.13    0.16    4.76 ^ fanout22/X (sky130_fd_sc_hd__clkbuf_2)
     6    0.03                           net22 (net)
                  0.13    0.00    4.76 ^ fanout21/A (sky130_fd_sc_hd__clkbuf_4)
                  0.12    0.18    4.94 ^ fanout21/X (sky130_fd_sc_hd__clkbuf_4)
    10    0.05                           net21 (net)
                  0.12    0.00    4.95 ^ _4432_/RESET_B (sky130_fd_sc_hd__dfrtp_1)
                                  4.95   data arrival time

                         20.00   20.00   clock clk (rise edge)
                          0.00   20.00   clock source latency
                  0.15    0.10   20.10 ^ clk (in)
     1    0.04                           clk (net)
                  0.15    0.00   20.10 ^ clkbuf_0_clk/A (sky130_fd_sc_hd__clkbuf_16)
                  0.09    0.14   20.25 ^ clkbuf_0_clk/X (sky130_fd_sc_hd__clkbuf_16)
     4    0.09                           clknet_0_clk (net)
                  0.09    0.01   20.25 ^ clkbuf_2_2__f_clk/A (sky130_fd_sc_hd__clkbuf_16)
                  0.14    0.17   20.42 ^ clkbuf_2_2__f_clk/X (sky130_fd_sc_hd__clkbuf_16)
    13    0.17                           clknet_2_2__leaf_clk (net)
                  0.14    0.01   20.43 ^ clkbuf_leaf_10_clk/A (sky130_fd_sc_hd__clkbuf_16)
                  0.04    0.11   20.54 ^ clkbuf_leaf_10_clk/X (sky130_fd_sc_hd__clkbuf_16)
    10    0.03                           clknet_leaf_10_clk (net)
                  0.04    0.00   20.55 ^ _4432_/CLK (sky130_fd_sc_hd__dfrtp_1)
                         -0.25   20.30   clock uncertainty
                          0.00   20.30   clock reconvergence pessimism
                          0.13   20.42   library recovery time
                                 20.42   data required time
-----------------------------------------------------------------------------
                                 20.42   data required time
                                 -4.95   data arrival time
-----------------------------------------------------------------------------
                                 15.48   slack (MET)


Startpoint: _4726_ (rising edge-triggered flip-flop clocked by clk)
Endpoint: gpio_pins[0] (output port clocked by clk)
Path Group: clk
Path Type: max
Corner: Fastest

Fanout     Cap    Slew   Delay    Time   Description
-----------------------------------------------------------------------------
                          0.00    0.00   clock clk (rise edge)
                          0.00    0.00   clock source latency
                  0.15    0.11    0.11 ^ clk (in)
     1    0.04                           clk (net)
                  0.15    0.00    0.11 ^ clkbuf_0_clk/A (sky130_fd_sc_hd__clkbuf_16)
                  0.09    0.16    0.27 ^ clkbuf_0_clk/X (sky130_fd_sc_hd__clkbuf_16)
     4    0.09                           clknet_0_clk (net)
                  0.09    0.01    0.28 ^ clkbuf_2_2__f_clk/A (sky130_fd_sc_hd__clkbuf_16)
                  0.14    0.19    0.46 ^ clkbuf_2_2__f_clk/X (sky130_fd_sc_hd__clkbuf_16)
    13    0.17                           clknet_2_2__leaf_clk (net)
                  0.14    0.01    0.47 ^ clkbuf_leaf_7_clk/A (sky130_fd_sc_hd__clkbuf_16)
                  0.04    0.12    0.59 ^ clkbuf_leaf_7_clk/X (sky130_fd_sc_hd__clkbuf_16)
     9    0.03                           clknet_leaf_7_clk (net)
                  0.04    0.00    0.60 ^ _4726_/CLK (sky130_fd_sc_hd__dfrtp_4)
                  0.08    0.35    0.95 v _4726_/Q (sky130_fd_sc_hd__dfrtp_4)
     2    0.04                           net3 (net)
                  0.08    0.01    0.96 v output3/A (sky130_fd_sc_hd__clkbuf_4)
                  0.06    0.15    1.11 v output3/X (sky130_fd_sc_hd__clkbuf_4)
     1    0.04                           gpio_pins[0] (net)
                  0.06    0.00    1.11 v gpio_pins[0] (out)
                                  1.11   data arrival time

                         20.00   20.00   clock clk (rise edge)
                          0.00   20.00   clock network delay (propagated)
                         -0.25   19.75   clock uncertainty
                          0.00   19.75   clock reconvergence pessimism
                         -4.00   15.75   output external delay
                                 15.75   data required time
-----------------------------------------------------------------------------
                                 15.75   data required time
                                 -1.11   data arrival time
-----------------------------------------------------------------------------
                                 14.64   slack (MET)



======================= Slowest Corner ===================================

Startpoint: rst_n (input port clocked by clk)
Endpoint: _4432_ (recovery check against rising-edge clock clk)
Path Group: asynchronous
Path Type: max
Corner: Slowest

Fanout     Cap    Slew   Delay    Time   Description
-----------------------------------------------------------------------------
                          0.00    0.00   clock clk (rise edge)
                          0.00    0.00   clock network delay (propagated)
                          4.00    4.00 ^ input external delay
                  0.03    0.02    4.02 ^ rst_n (in)
     1    0.00                           rst_n (net)
                  0.03    0.00    4.02 ^ input1/A (sky130_fd_sc_hd__buf_1)
                  0.42    0.40    4.42 ^ input1/X (sky130_fd_sc_hd__buf_1)
     1    0.02                           net1 (net)
                  0.42    0.00    4.42 ^ fanout33/A (sky130_fd_sc_hd__clkbuf_4)
                  0.33    0.62    5.05 ^ fanout33/X (sky130_fd_sc_hd__clkbuf_4)
     7    0.07                           net33 (net)
                  0.33    0.01    5.05 ^ fanout23/A (sky130_fd_sc_hd__clkbuf_4)
                  0.23    0.50    5.56 ^ fanout23/X (sky130_fd_sc_hd__clkbuf_4)
     9    0.04                           net23 (net)
                  0.23    0.00    5.56 ^ fanout22/A (sky130_fd_sc_hd__clkbuf_2)
                  0.24    0.40    5.96 ^ fanout22/X (sky130_fd_sc_hd__clkbuf_2)
     6    0.03                           net22 (net)
                  0.24    0.00    5.96 ^ fanout21/A (sky130_fd_sc_hd__clkbuf_4)
                  0.23    0.47    6.43 ^ fanout21/X (sky130_fd_sc_hd__clkbuf_4)
    10    0.05                           net21 (net)
                  0.23    0.00    6.44 ^ _4432_/RESET_B (sky130_fd_sc_hd__dfrtp_1)
                                  6.44   data arrival time

                         20.00   20.00   clock clk (rise edge)
                          0.00   20.00   clock source latency
                  0.32    0.21   20.21 ^ clk (in)
     1    0.04                           clk (net)
                  0.32    0.00   20.21 ^ clkbuf_0_clk/A (sky130_fd_sc_hd__clkbuf_16)
                  0.17    0.39   20.60 ^ clkbuf_0_clk/X (sky130_fd_sc_hd__clkbuf_16)
     4    0.09                           clknet_0_clk (net)
                  0.17    0.01   20.61 ^ clkbuf_2_2__f_clk/A (sky130_fd_sc_hd__clkbuf_16)
                  0.27    0.41   21.02 ^ clkbuf_2_2__f_clk/X (sky130_fd_sc_hd__clkbuf_16)
    13    0.17                           clknet_2_2__leaf_clk (net)
                  0.27    0.01   21.03 ^ clkbuf_leaf_10_clk/A (sky130_fd_sc_hd__clkbuf_16)
                  0.09    0.31   21.34 ^ clkbuf_leaf_10_clk/X (sky130_fd_sc_hd__clkbuf_16)
    10    0.03                           clknet_leaf_10_clk (net)
                  0.09    0.00   21.34 ^ _4432_/CLK (sky130_fd_sc_hd__dfrtp_1)
                         -0.25   21.09   clock uncertainty
                          0.00   21.09   clock reconvergence pessimism
                          0.41   21.50   library recovery time
                                 21.50   data required time
-----------------------------------------------------------------------------
                                 21.50   data required time
                                 -6.44   data arrival time
-----------------------------------------------------------------------------
                                 15.06   slack (MET)


Startpoint: _4267_ (rising edge-triggered flip-flop clocked by clk)
Endpoint: _4728_ (rising edge-triggered flip-flop clocked by clk)
Path Group: clk
Path Type: max
Corner: Slowest

Fanout     Cap    Slew   Delay    Time   Description
-----------------------------------------------------------------------------
                          0.00    0.00   clock clk (rise edge)
                          0.00    0.00   clock source latency
                  0.32    0.23    0.23 ^ clk (in)
     1    0.04                           clk (net)
                  0.32    0.00    0.23 ^ clkbuf_0_clk/A (sky130_fd_sc_hd__clkbuf_16)
                  0.17    0.43    0.67 ^ clkbuf_0_clk/X (sky130_fd_sc_hd__clkbuf_16)
     4    0.09                           clknet_0_clk (net)
                  0.17    0.01    0.67 ^ clkbuf_2_0__f_clk/A (sky130_fd_sc_hd__clkbuf_16)
                  0.31    0.48    1.16 ^ clkbuf_2_0__f_clk/X (sky130_fd_sc_hd__clkbuf_16)
    14    0.20                           clknet_2_0__leaf_clk (net)
                  0.31    0.01    1.17 ^ clkbuf_leaf_4_clk/A (sky130_fd_sc_hd__clkbuf_16)
                  0.07    0.35    1.51 ^ clkbuf_leaf_4_clk/X (sky130_fd_sc_hd__clkbuf_16)
     6    0.02                           clknet_leaf_4_clk (net)
                  0.07    0.00    1.52 ^ _4267_/CLK (sky130_fd_sc_hd__dfrtp_2)
                  0.15    0.95    2.47 v _4267_/Q (sky130_fd_sc_hd__dfrtp_2)
     4    0.02                           u_imem.addr[5] (net)
                  0.15    0.00    2.47 v _2229_/A (sky130_fd_sc_hd__buf_4)
                  0.15    0.40    2.87 v _2229_/X (sky130_fd_sc_hd__buf_4)
    10    0.06                           _0687_ (net)
                  0.15    0.00    2.87 v _2439_/A (sky130_fd_sc_hd__or2_1)
                  0.12    0.59    3.46 v _2439_/X (sky130_fd_sc_hd__or2_1)
     1    0.01                           _0897_ (net)
                  0.12    0.00    3.47 v _2440_/A (sky130_fd_sc_hd__clkbuf_4)
                  0.25    0.46    3.92 v _2440_/X (sky130_fd_sc_hd__clkbuf_4)
     7    0.07                           _0898_ (net)
                  0.25    0.01    3.93 v _2442_/A1 (sky130_fd_sc_hd__a21oi_4)
                  0.73    0.76    4.69 ^ _2442_/Y (sky130_fd_sc_hd__a21oi_4)
     8    0.06                           _0900_ (net)
                  0.73    0.01    4.70 ^ _2492_/A1 (sky130_fd_sc_hd__o211a_2)
                  0.28    0.79    5.49 ^ _2492_/X (sky130_fd_sc_hd__o211a_2)
     3    0.03                           _0950_ (net)
                  0.28    0.00    5.50 ^ _2493_/B1 (sky130_fd_sc_hd__a21oi_2)
                  0.21    0.21    5.71 v _2493_/Y (sky130_fd_sc_hd__a21oi_2)
     2    0.02                           _0951_ (net)
                  0.21    0.00    5.71 v _2689_/B1 (sky130_fd_sc_hd__a41oi_4)
                  0.47    0.54    6.25 ^ _2689_/Y (sky130_fd_sc_hd__a41oi_4)
     3    0.03                           _1147_ (net)
                  0.47    0.00    6.25 ^ _2692_/B (sky130_fd_sc_hd__nand4_1)
                  0.31    0.46    6.71 v _2692_/Y (sky130_fd_sc_hd__nand4_1)
     2    0.01                           _1150_ (net)
                  0.31    0.00    6.71 v _2693_/A (sky130_fd_sc_hd__or2_2)
                  0.19    0.91    7.62 v _2693_/X (sky130_fd_sc_hd__or2_2)
     2    0.02                           _1151_ (net)
                  0.19    0.00    7.62 v _2694_/B1 (sky130_fd_sc_hd__a21oi_2)
                  0.52    0.52    8.14 ^ _2694_/Y (sky130_fd_sc_hd__a21oi_2)
     4    0.03                           _1152_ (net)
                  0.52    0.00    8.14 ^ _2895_/A2 (sky130_fd_sc_hd__o21ai_2)
                  0.22    0.36    8.50 v _2895_/Y (sky130_fd_sc_hd__o21ai_2)
     4    0.02                           _1353_ (net)
                  0.22    0.00    8.50 v _2896_/B1 (sky130_fd_sc_hd__a22oi_2)
                  0.28    0.33    8.83 ^ _2896_/Y (sky130_fd_sc_hd__a22oi_2)
     2    0.01                           _1354_ (net)
                  0.28    0.00    8.83 ^ _2897_/A2 (sky130_fd_sc_hd__o21ai_1)
                  0.22    0.29    9.11 v _2897_/Y (sky130_fd_sc_hd__o21ai_1)
     3    0.01                           _1355_ (net)
                  0.22    0.00    9.11 v _2943_/B1 (sky130_fd_sc_hd__o21ai_1)
                  0.37    0.32    9.44 ^ _2943_/Y (sky130_fd_sc_hd__o21ai_1)
     1    0.01                           _1401_ (net)
                  0.37    0.00    9.44 ^ _2944_/D1 (sky130_fd_sc_hd__o2111a_1)
                  0.09    0.47    9.91 ^ _2944_/X (sky130_fd_sc_hd__o2111a_1)
     1    0.00                           _1402_ (net)
                  0.09    0.00    9.91 ^ _2953_/B (sky130_fd_sc_hd__nand3_1)
                  0.44    0.44   10.34 v _2953_/Y (sky130_fd_sc_hd__nand3_1)
     2    0.02                           _1411_ (net)
                  0.44    0.00   10.34 v _3401_/B (sky130_fd_sc_hd__nor3_1)
                  0.38    0.55   10.89 ^ _3401_/Y (sky130_fd_sc_hd__nor3_1)
     1    0.01                           _1685_ (net)
                  0.38    0.00   10.89 ^ wire11/A (sky130_fd_sc_hd__buf_1)
                  0.25    0.41   11.30 ^ wire11/X (sky130_fd_sc_hd__buf_1)
     4    0.01                           net11 (net)
                  0.25    0.00   11.30 ^ _3402_/A (sky130_fd_sc_hd__clkbuf_4)
                  0.22    0.46   11.76 ^ _3402_/X (sky130_fd_sc_hd__clkbuf_4)
    10    0.04                           _1686_ (net)
                  0.22    0.00   11.77 ^ _4130_/C (sky130_fd_sc_hd__nand3b_4)
                  0.29    0.37   12.13 v _4130_/Y (sky130_fd_sc_hd__nand3b_4)
     8    0.04                           _2062_ (net)
                  0.29    0.00   12.14 v _4139_/A2_N (sky130_fd_sc_hd__o2bb2ai_1)
                  0.12    0.33   12.47 v _4139_/Y (sky130_fd_sc_hd__o2bb2ai_1)
     1    0.00                           _0529_ (net)
                  0.12    0.00   12.47 v _4728_/D (sky130_fd_sc_hd__dfrtp_4)
                                 12.47   data arrival time

                         20.00   20.00   clock clk (rise edge)
                          0.00   20.00   clock source latency
                  0.32    0.21   20.21 ^ clk (in)
     1    0.04                           clk (net)
                  0.32    0.00   20.21 ^ clkbuf_0_clk/A (sky130_fd_sc_hd__clkbuf_16)
                  0.17    0.39   20.60 ^ clkbuf_0_clk/X (sky130_fd_sc_hd__clkbuf_16)
     4    0.09                           clknet_0_clk (net)
                  0.17    0.01   20.61 ^ clkbuf_2_2__f_clk/A (sky130_fd_sc_hd__clkbuf_16)
                  0.27    0.41   21.02 ^ clkbuf_2_2__f_clk/X (sky130_fd_sc_hd__clkbuf_16)
    13    0.17                           clknet_2_2__leaf_clk (net)
                  0.27    0.01   21.03 ^ clkbuf_leaf_17_clk/A (sky130_fd_sc_hd__clkbuf_16)
                  0.06    0.28   21.31 ^ clkbuf_leaf_17_clk/X (sky130_fd_sc_hd__clkbuf_16)
     3    0.01                           clknet_leaf_17_clk (net)
                  0.06    0.00   21.31 ^ _4728_/CLK (sky130_fd_sc_hd__dfrtp_4)
                         -0.25   21.06   clock uncertainty
                          0.06   21.12   clock reconvergence pessimism
                         -0.30   20.82   library setup time
                                 20.82   data required time
-----------------------------------------------------------------------------
                                 20.82   data required time
                                -12.47   data arrival time
-----------------------------------------------------------------------------
                                  8.35   slack (MET)



======================= Typical Corner ===================================

Startpoint: rst_n (input port clocked by clk)
Endpoint: _4432_ (recovery check against rising-edge clock clk)
Path Group: asynchronous
Path Type: max
Corner: Typical

Fanout     Cap    Slew   Delay    Time   Description
-----------------------------------------------------------------------------
                          0.00    0.00   clock clk (rise edge)
                          0.00    0.00   clock network delay (propagated)
                          4.00    4.00 ^ input external delay
                  0.02    0.01    4.01 ^ rst_n (in)
     1    0.00                           rst_n (net)
                  0.02    0.00    4.01 ^ input1/A (sky130_fd_sc_hd__buf_1)
                  0.26    0.23    4.25 ^ input1/X (sky130_fd_sc_hd__buf_1)
     1    0.02                           net1 (net)
                  0.26    0.00    4.25 ^ fanout33/A (sky130_fd_sc_hd__clkbuf_4)
                  0.21    0.35    4.60 ^ fanout33/X (sky130_fd_sc_hd__clkbuf_4)
     7    0.07                           net33 (net)
                  0.21    0.01    4.60 ^ fanout23/A (sky130_fd_sc_hd__clkbuf_4)
                  0.15    0.28    4.89 ^ fanout23/X (sky130_fd_sc_hd__clkbuf_4)
     9    0.05                           net23 (net)
                  0.15    0.00    4.89 ^ fanout22/A (sky130_fd_sc_hd__clkbuf_2)
                  0.16    0.24    5.12 ^ fanout22/X (sky130_fd_sc_hd__clkbuf_2)
     6    0.03                           net22 (net)
                  0.16    0.00    5.13 ^ fanout21/A (sky130_fd_sc_hd__clkbuf_4)
                  0.16    0.27    5.40 ^ fanout21/X (sky130_fd_sc_hd__clkbuf_4)
    10    0.05                           net21 (net)
                  0.16    0.00    5.40 ^ _4432_/RESET_B (sky130_fd_sc_hd__dfrtp_1)
                                  5.40   data arrival time

                         20.00   20.00   clock clk (rise edge)
                          0.00   20.00   clock source latency
                  0.20    0.13   20.13 ^ clk (in)
     1    0.04                           clk (net)
                  0.20    0.00   20.13 ^ clkbuf_0_clk/A (sky130_fd_sc_hd__clkbuf_16)
                  0.11    0.22   20.35 ^ clkbuf_0_clk/X (sky130_fd_sc_hd__clkbuf_16)
     4    0.09                           clknet_0_clk (net)
                  0.11    0.01   20.36 ^ clkbuf_2_2__f_clk/A (sky130_fd_sc_hd__clkbuf_16)
                  0.18    0.24   20.60 ^ clkbuf_2_2__f_clk/X (sky130_fd_sc_hd__clkbuf_16)
    13    0.17                           clknet_2_2__leaf_clk (net)
                  0.18    0.01   20.61 ^ clkbuf_leaf_10_clk/A (sky130_fd_sc_hd__clkbuf_16)
                  0.06    0.17   20.78 ^ clkbuf_leaf_10_clk/X (sky130_fd_sc_hd__clkbuf_16)
    10    0.03                           clknet_leaf_10_clk (net)
                  0.06    0.00   20.78 ^ _4432_/CLK (sky130_fd_sc_hd__dfrtp_1)
                         -0.25   20.53   clock uncertainty
                          0.00   20.53   clock reconvergence pessimism
                          0.20   20.74   library recovery time
                                 20.74   data required time
-----------------------------------------------------------------------------
                                 20.74   data required time
                                 -5.40   data arrival time
-----------------------------------------------------------------------------
                                 15.34   slack (MET)


Startpoint: _4264_ (rising edge-triggered flip-flop clocked by clk)
Endpoint: _4800_ (rising edge-triggered flip-flop clocked by clk)
Path Group: clk
Path Type: max
Corner: Typical

Fanout     Cap    Slew   Delay    Time   Description
-----------------------------------------------------------------------------
                          0.00    0.00   clock clk (rise edge)
                          0.00    0.00   clock source latency
                  0.20    0.15    0.15 ^ clk (in)
     1    0.04                           clk (net)
                  0.20    0.00    0.15 ^ clkbuf_0_clk/A (sky130_fd_sc_hd__clkbuf_16)
                  0.11    0.24    0.39 ^ clkbuf_0_clk/X (sky130_fd_sc_hd__clkbuf_16)
     4    0.09                           clknet_0_clk (net)
                  0.11    0.01    0.40 ^ clkbuf_2_0__f_clk/A (sky130_fd_sc_hd__clkbuf_16)
                  0.21    0.28    0.68 ^ clkbuf_2_0__f_clk/X (sky130_fd_sc_hd__clkbuf_16)
    14    0.20                           clknet_2_0__leaf_clk (net)
                  0.21    0.01    0.69 ^ clkbuf_leaf_4_clk/A (sky130_fd_sc_hd__clkbuf_16)
                  0.05    0.19    0.88 ^ clkbuf_leaf_4_clk/X (sky130_fd_sc_hd__clkbuf_16)
     6    0.02                           clknet_leaf_4_clk (net)
                  0.05    0.00    0.89 ^ _4264_/CLK (sky130_fd_sc_hd__dfrtp_1)
                  0.08    0.36    1.25 ^ _4264_/Q (sky130_fd_sc_hd__dfrtp_1)
     2    0.01                           u_imem.addr[2] (net)
                  0.08    0.00    1.25 ^ _2230_/A (sky130_fd_sc_hd__buf_4)
                  0.17    0.22    1.47 ^ _2230_/X (sky130_fd_sc_hd__buf_4)
    10    0.06                           _0688_ (net)
                  0.17    0.01    1.48 ^ _2271_/A (sky130_fd_sc_hd__inv_2)
                  0.07    0.10    1.58 v _2271_/Y (sky130_fd_sc_hd__inv_2)
     5    0.02                           _0729_ (net)
                  0.07    0.00    1.58 v _2272_/A (sky130_fd_sc_hd__clkbuf_4)
                  0.11    0.23    1.81 v _2272_/X (sky130_fd_sc_hd__clkbuf_4)
    10    0.05                           _0730_ (net)
                  0.11    0.00    1.82 v _2297_/B1 (sky130_fd_sc_hd__a21o_1)
                  0.11    0.26    2.08 v _2297_/X (sky130_fd_sc_hd__a21o_1)
     4    0.02                           _0755_ (net)
                  0.11    0.00    2.08 v _2298_/A (sky130_fd_sc_hd__clkbuf_4)
                  0.10    0.23    2.31 v _2298_/X (sky130_fd_sc_hd__clkbuf_4)
    10    0.04                           _0756_ (net)
                  0.10    0.00    2.32 v _2653_/A1 (sky130_fd_sc_hd__o311a_1)
                  0.08    0.41    2.73 v _2653_/X (sky130_fd_sc_hd__o311a_1)
     1    0.01                           _1111_ (net)
                  0.08    0.00    2.73 v _2654_/B (sky130_fd_sc_hd__nor2_2)
                  0.50    0.42    3.15 ^ _2654_/Y (sky130_fd_sc_hd__nor2_2)
     6    0.05                           _1112_ (net)
                  0.50    0.00    3.16 ^ _2656_/A3 (sky130_fd_sc_hd__o31a_1)
                  0.19    0.30    3.46 ^ _2656_/X (sky130_fd_sc_hd__o31a_1)
     4    0.02                           _1114_ (net)
                  0.19    0.00    3.46 ^ _2672_/B (sky130_fd_sc_hd__nor3_1)
                  0.11    0.10    3.56 v _2672_/Y (sky130_fd_sc_hd__nor3_1)
     2    0.01                           _1130_ (net)
                  0.11    0.00    3.56 v max_cap17/A (sky130_fd_sc_hd__buf_1)
                  0.06    0.15    3.71 v max_cap17/X (sky130_fd_sc_hd__buf_1)
     1    0.01                           net17 (net)
                  0.06    0.00    3.71 v _2908_/A3 (sky130_fd_sc_hd__a31oi_4)
                  0.38    0.39    4.10 ^ _2908_/Y (sky130_fd_sc_hd__a31oi_4)
     4    0.05                           _1366_ (net)
                  0.38    0.00    4.11 ^ _2987_/A2 (sky130_fd_sc_hd__o21ai_1)
                  0.10    0.15    4.26 v _2987_/Y (sky130_fd_sc_hd__o21ai_1)
     2    0.01                           _1445_ (net)
                  0.10    0.00    4.26 v _2988_/A (sky130_fd_sc_hd__nand2_1)
                  0.19    0.19    4.45 ^ _2988_/Y (sky130_fd_sc_hd__nand2_1)
     4    0.02                           _1446_ (net)
                  0.19    0.00    4.45 ^ _3005_/A2 (sky130_fd_sc_hd__a21boi_1)
                  0.11    0.14    4.59 v _3005_/Y (sky130_fd_sc_hd__a21boi_1)
     1    0.01                           _1463_ (net)
                  0.11    0.00    4.59 v _3006_/A2 (sky130_fd_sc_hd__o21bai_4)
                  0.27    0.28    4.87 ^ _3006_/Y (sky130_fd_sc_hd__o21bai_4)
     6    0.04                           _1464_ (net)
                  0.27    0.00    4.88 ^ _3012_/B1 (sky130_fd_sc_hd__o311a_2)
                  0.15    0.33    5.20 ^ _3012_/X (sky130_fd_sc_hd__o311a_2)
     4    0.03                           _1470_ (net)
                  0.15    0.00    5.21 ^ _3014_/A (sky130_fd_sc_hd__nor2_1)
                  0.08    0.10    5.31 v _3014_/Y (sky130_fd_sc_hd__nor2_1)
     3    0.01                           _1472_ (net)
                  0.08    0.00    5.31 v _3015_/D (sky130_fd_sc_hd__nor4_1)
                  0.42    0.35    5.66 ^ _3015_/Y (sky130_fd_sc_hd__nor4_1)
     1    0.01                           _1473_ (net)
                  0.42    0.00    5.66 ^ wire1/A (sky130_fd_sc_hd__buf_1)
                  0.17    0.23    5.89 ^ wire1/X (sky130_fd_sc_hd__buf_1)
     1    0.01                           net564 (net)
                  0.17    0.00    5.89 ^ wire13/A (sky130_fd_sc_hd__clkbuf_2)
                  0.14    0.22    6.11 ^ wire13/X (sky130_fd_sc_hd__clkbuf_2)
     4    0.02                           net13 (net)
                  0.14    0.00    6.11 ^ max_cap12/A (sky130_fd_sc_hd__clkbuf_2)
                  0.14    0.22    6.33 ^ max_cap12/X (sky130_fd_sc_hd__clkbuf_2)
     6    0.02                           net12 (net)
                  0.14    0.00    6.33 ^ _4218_/B1 (sky130_fd_sc_hd__o2111a_1)
                  0.10    0.26    6.59 ^ _4218_/X (sky130_fd_sc_hd__o2111a_1)
     1    0.01                           _2109_ (net)
                  0.10    0.00    6.59 ^ _4219_/B1 (sky130_fd_sc_hd__a21oi_1)
                  0.06    0.06    6.64 v _4219_/Y (sky130_fd_sc_hd__a21oi_1)
     1    0.00                           _0568_ (net)
                  0.06    0.00    6.64 v _4800_/D (sky130_fd_sc_hd__dfrtp_1)
                                  6.64   data arrival time

                         20.00   20.00   clock clk (rise edge)
                          0.00   20.00   clock source latency
                  0.20    0.13   20.13 ^ clk (in)
     1    0.04                           clk (net)
                  0.20    0.00   20.13 ^ clkbuf_0_clk/A (sky130_fd_sc_hd__clkbuf_16)
                  0.11    0.22   20.35 ^ clkbuf_0_clk/X (sky130_fd_sc_hd__clkbuf_16)
     4    0.09                           clknet_0_clk (net)
                  0.11    0.01   20.36 ^ clkbuf_2_2__f_clk/A (sky130_fd_sc_hd__clkbuf_16)
                  0.18    0.24   20.60 ^ clkbuf_2_2__f_clk/X (sky130_fd_sc_hd__clkbuf_16)
    13    0.17                           clknet_2_2__leaf_clk (net)
                  0.18    0.01   20.61 ^ clkbuf_leaf_10_clk/A (sky130_fd_sc_hd__clkbuf_16)
                  0.06    0.17   20.78 ^ clkbuf_leaf_10_clk/X (sky130_fd_sc_hd__clkbuf_16)
    10    0.03                           clknet_leaf_10_clk (net)
                  0.06    0.00   20.78 ^ _4800_/CLK (sky130_fd_sc_hd__dfrtp_1)
                         -0.25   20.53   clock uncertainty
                          0.04   20.57   clock reconvergence pessimism
                         -0.12   20.45   library setup time
                                 20.45   data required time
-----------------------------------------------------------------------------
                                 20.45   data required time
                                 -6.64   data arrival time
-----------------------------------------------------------------------------
                                 13.81   slack (MET)




===========================================================================
report_checks --slack_max -0.01
============================================================================
======================= Fastest Corner ===================================

No paths found.

======================= Slowest Corner ===================================

No paths found.

======================= Typical Corner ===================================

No paths found.


===========================================================================
 report_check_types -max_slew -max_cap -max_fanout -violators
============================================================================
======================= Fastest Corner ===================================

max fanout

Pin                                   Limit Fanout  Slack
---------------------------------------------------------
clkbuf_leaf_2_clk/X                      10     19     -9 (VIOLATED)
clkbuf_leaf_32_clk/X                     10     18     -8 (VIOLATED)
clkbuf_leaf_47_clk/X                     10     18     -8 (VIOLATED)
clkbuf_leaf_24_clk/X                     10     17     -7 (VIOLATED)
clkbuf_leaf_25_clk/X                     10     17     -7 (VIOLATED)
clkbuf_leaf_26_clk/X                     10     17     -7 (VIOLATED)
clkbuf_leaf_35_clk/X                     10     17     -7 (VIOLATED)
clkbuf_leaf_37_clk/X                     10     17     -7 (VIOLATED)
clkbuf_leaf_38_clk/X                     10     17     -7 (VIOLATED)
clkbuf_leaf_49_clk/X                     10     17     -7 (VIOLATED)
clkbuf_leaf_27_clk/X                     10     16     -6 (VIOLATED)
clkbuf_leaf_1_clk/X                      10     15     -5 (VIOLATED)
clkbuf_leaf_33_clk/X                     10     15     -5 (VIOLATED)
clkbuf_leaf_34_clk/X                     10     15     -5 (VIOLATED)
clkbuf_leaf_36_clk/X                     10     15     -5 (VIOLATED)
clkbuf_leaf_9_clk/X                      10     15     -5 (VIOLATED)
clkbuf_2_0__f_clk/X                      10     14     -4 (VIOLATED)
clkbuf_2_1__f_clk/X                      10     14     -4 (VIOLATED)
clkbuf_leaf_22_clk/X                     10     14     -4 (VIOLATED)
clkbuf_leaf_6_clk/X                      10     14     -4 (VIOLATED)
clkbuf_2_2__f_clk/X                      10     13     -3 (VIOLATED)
clkbuf_leaf_19_clk/X                     10     13     -3 (VIOLATED)
clkbuf_leaf_41_clk/X                     10     13     -3 (VIOLATED)
clkbuf_leaf_46_clk/X                     10     13     -3 (VIOLATED)
clkbuf_leaf_31_clk/X                     10     12     -2 (VIOLATED)
clkbuf_leaf_3_clk/X                      10     12     -2 (VIOLATED)
clkbuf_leaf_13_clk/X                     10     11        (VIOLATED)
clkbuf_leaf_28_clk/X                     10     11        (VIOLATED)
clkbuf_leaf_40_clk/X                     10     11        (VIOLATED)
clkbuf_leaf_8_clk/X                      10     11        (VIOLATED)


======================= Slowest Corner ===================================

max slew

Pin                                    Limit    Slew   Slack
------------------------------------------------------------
_3411_/A2                               0.75    0.86   -0.11 (VIOLATED)
_4222_/A2                               0.75    0.86   -0.11 (VIOLATED)
_2613_/B                                0.75    0.86   -0.11 (VIOLATED)
_2563_/C                                0.75    0.86   -0.11 (VIOLATED)
_2562_/A3                               0.75    0.86   -0.11 (VIOLATED)
_2556_/Y                                0.75    0.86   -0.11 (VIOLATED)
_2904_/Y                                0.75    0.84   -0.09 (VIOLATED)
_2905_/B2                               0.75    0.84   -0.09 (VIOLATED)
_4147_/B                                0.75    0.81   -0.06 (VIOLATED)
_3423_/A2                               0.75    0.81   -0.06 (VIOLATED)
_4228_/A2                               0.75    0.81   -0.06 (VIOLATED)
_2655_/D                                0.75    0.81   -0.06 (VIOLATED)
_2656_/A3                               0.75    0.81   -0.06 (VIOLATED)
_2681_/A2                               0.75    0.81   -0.06 (VIOLATED)
_2654_/Y                                0.75    0.81   -0.06 (VIOLATED)
_3794_/A2                               0.75    0.77   -0.02 (VIOLATED)
_2281_/A2                               0.75    0.77   -0.02 (VIOLATED)
_3763_/A                                0.75    0.77   -0.02 (VIOLATED)
_3796_/A2                               0.75    0.77   -0.02 (VIOLATED)
_3802_/A2                               0.75    0.77   -0.02 (VIOLATED)
_3738_/A                                0.75    0.77   -0.02 (VIOLATED)
_2449_/A2                               0.75    0.77   -0.02 (VIOLATED)
_2284_/B2                               0.75    0.77   -0.02 (VIOLATED)
_2279_/Y                                0.75    0.77   -0.02 (VIOLATED)
_2891_/Y                                0.75    0.76   -0.01 (VIOLATED)
_3791_/A3                               0.75    0.76   -0.01 (VIOLATED)
max_cap14/A                             0.75    0.76   -0.01 (VIOLATED)

max fanout

Pin                                   Limit Fanout  Slack
---------------------------------------------------------
clkbuf_leaf_2_clk/X                      10     19     -9 (VIOLATED)
clkbuf_leaf_32_clk/X                     10     18     -8 (VIOLATED)
clkbuf_leaf_47_clk/X                     10     18     -8 (VIOLATED)
clkbuf_leaf_24_clk/X                     10     17     -7 (VIOLATED)
clkbuf_leaf_25_clk/X                     10     17     -7 (VIOLATED)
clkbuf_leaf_26_clk/X                     10     17     -7 (VIOLATED)
clkbuf_leaf_35_clk/X                     10     17     -7 (VIOLATED)
clkbuf_leaf_37_clk/X                     10     17     -7 (VIOLATED)
clkbuf_leaf_38_clk/X                     10     17     -7 (VIOLATED)
clkbuf_leaf_49_clk/X                     10     17     -7 (VIOLATED)
clkbuf_leaf_27_clk/X                     10     16     -6 (VIOLATED)
clkbuf_leaf_1_clk/X                      10     15     -5 (VIOLATED)
clkbuf_leaf_33_clk/X                     10     15     -5 (VIOLATED)
clkbuf_leaf_34_clk/X                     10     15     -5 (VIOLATED)
clkbuf_leaf_36_clk/X                     10     15     -5 (VIOLATED)
clkbuf_leaf_9_clk/X                      10     15     -5 (VIOLATED)
clkbuf_2_0__f_clk/X                      10     14     -4 (VIOLATED)
clkbuf_2_1__f_clk/X                      10     14     -4 (VIOLATED)
clkbuf_leaf_22_clk/X                     10     14     -4 (VIOLATED)
clkbuf_leaf_6_clk/X                      10     14     -4 (VIOLATED)
clkbuf_2_2__f_clk/X                      10     13     -3 (VIOLATED)
clkbuf_leaf_19_clk/X                     10     13     -3 (VIOLATED)
clkbuf_leaf_41_clk/X                     10     13     -3 (VIOLATED)
clkbuf_leaf_46_clk/X                     10     13     -3 (VIOLATED)
clkbuf_leaf_31_clk/X                     10     12     -2 (VIOLATED)
clkbuf_leaf_3_clk/X                      10     12     -2 (VIOLATED)
clkbuf_leaf_13_clk/X                     10     11        (VIOLATED)
clkbuf_leaf_28_clk/X                     10     11        (VIOLATED)
clkbuf_leaf_40_clk/X                     10     11        (VIOLATED)
clkbuf_leaf_8_clk/X                      10     11        (VIOLATED)


======================= Typical Corner ===================================

max fanout

Pin                                   Limit Fanout  Slack
---------------------------------------------------------
clkbuf_leaf_2_clk/X                      10     19     -9 (VIOLATED)
clkbuf_leaf_32_clk/X                     10     18     -8 (VIOLATED)
clkbuf_leaf_47_clk/X                     10     18     -8 (VIOLATED)
clkbuf_leaf_24_clk/X                     10     17     -7 (VIOLATED)
clkbuf_leaf_25_clk/X                     10     17     -7 (VIOLATED)
clkbuf_leaf_26_clk/X                     10     17     -7 (VIOLATED)
clkbuf_leaf_35_clk/X                     10     17     -7 (VIOLATED)
clkbuf_leaf_37_clk/X                     10     17     -7 (VIOLATED)
clkbuf_leaf_38_clk/X                     10     17     -7 (VIOLATED)
clkbuf_leaf_49_clk/X                     10     17     -7 (VIOLATED)
clkbuf_leaf_27_clk/X                     10     16     -6 (VIOLATED)
clkbuf_leaf_1_clk/X                      10     15     -5 (VIOLATED)
clkbuf_leaf_33_clk/X                     10     15     -5 (VIOLATED)
clkbuf_leaf_34_clk/X                     10     15     -5 (VIOLATED)
clkbuf_leaf_36_clk/X                     10     15     -5 (VIOLATED)
clkbuf_leaf_9_clk/X                      10     15     -5 (VIOLATED)
clkbuf_2_0__f_clk/X                      10     14     -4 (VIOLATED)
clkbuf_2_1__f_clk/X                      10     14     -4 (VIOLATED)
clkbuf_leaf_22_clk/X                     10     14     -4 (VIOLATED)
clkbuf_leaf_6_clk/X                      10     14     -4 (VIOLATED)
clkbuf_2_2__f_clk/X                      10     13     -3 (VIOLATED)
clkbuf_leaf_19_clk/X                     10     13     -3 (VIOLATED)
clkbuf_leaf_41_clk/X                     10     13     -3 (VIOLATED)
clkbuf_leaf_46_clk/X                     10     13     -3 (VIOLATED)
clkbuf_leaf_31_clk/X                     10     12     -2 (VIOLATED)
clkbuf_leaf_3_clk/X                      10     12     -2 (VIOLATED)
clkbuf_leaf_13_clk/X                     10     11        (VIOLATED)
clkbuf_leaf_28_clk/X                     10     11        (VIOLATED)
clkbuf_leaf_40_clk/X                     10     11        (VIOLATED)
clkbuf_leaf_8_clk/X                      10     11        (VIOLATED)



===========================================================================
report_parasitic_annotation -report_unannotated
============================================================================
Found 0 unannotated drivers.
Found 0 partially unannotated drivers.

===========================================================================
max slew violation count 27
max fanout violation count 30
max cap violation count 0
============================================================================

===========================================================================
check_setup -verbose -unconstrained_endpoints -multiple_clock -no_clock -no_input_delay -loops -generated_clocks
===========================================================================
