
===========================================================================
 report_power
============================================================================
======================= Fastest Corner ===================================

Group                  Internal  Switching    Leakage      Total
                          Power      Power      Power      Power (Watts)
----------------------------------------------------------------
Sequential             1.55e-03   1.71e-04   4.70e-07   1.72e-03  20.4%
Combinational          2.56e-03   4.14e-03   3.18e-08   6.70e-03  79.6%
Macro                  0.00e+00   0.00e+00   0.00e+00   0.00e+00   0.0%
Pad                    0.00e+00   0.00e+00   0.00e+00   0.00e+00   0.0%
----------------------------------------------------------------
Total                  4.11e-03   4.31e-03   5.02e-07   8.42e-03 100.0%
                          48.8%      51.2%       0.0%

======================= Slowest Corner ===================================

Group                  Internal  Switching    Leakage      Total
                          Power      Power      Power      Power (Watts)
----------------------------------------------------------------
Sequential             1.04e-03   1.12e-04   8.88e-06   1.16e-03  19.8%
Combinational          1.93e-03   2.75e-03   1.31e-05   4.69e-03  80.2%
Macro                  0.00e+00   0.00e+00   0.00e+00   0.00e+00   0.0%
Pad                    0.00e+00   0.00e+00   0.00e+00   0.00e+00   0.0%
----------------------------------------------------------------
Total                  2.97e-03   2.86e-03   2.20e-05   5.85e-03 100.0%
                          50.7%      48.9%       0.4%

======================= Typical Corner ===================================

Group                  Internal  Switching    Leakage      Total
                          Power      Power      Power      Power (Watts)
----------------------------------------------------------------
Sequential             1.33e-03   1.43e-04   4.67e-07   1.48e-03  20.1%
Combinational          2.37e-03   3.50e-03   1.23e-08   5.87e-03  79.9%
Macro                  0.00e+00   0.00e+00   0.00e+00   0.00e+00   0.0%
Pad                    0.00e+00   0.00e+00   0.00e+00   0.00e+00   0.0%
----------------------------------------------------------------
Total                  3.71e-03   3.64e-03   4.79e-07   7.35e-03 100.0%
                          50.4%      49.6%       0.0%

