
===========================================================================
report_checks -unconstrained
===========================================================================
======================= Fastest Corner ===================================

Startpoint: rst_n (input port clocked by clk)
Endpoint: _4432_ (recovery check against rising-edge clock clk)
Path Group: asynchronous
Path Type: max
Corner: Fastest

Fanout     Cap    Slew   Delay    Time   Description
-----------------------------------------------------------------------------
                          0.00    0.00   clock clk (rise edge)
                          0.00    0.00   clock network delay (propagated)
                          4.00    4.00 ^ input external delay
                  0.01    0.01    4.01 ^ rst_n (in)
     1    0.00                           rst_n (net)
                  0.01    0.00    4.01 ^ input1/A (sky130_fd_sc_hd__buf_1)
                  0.19    0.16    4.17 ^ input1/X (sky130_fd_sc_hd__buf_1)
     1    0.02                           net1 (net)
                  0.19    0.00    4.17 ^ fanout33/A (sky130_fd_sc_hd__clkbuf_4)
                  0.16    0.22    4.39 ^ fanout33/X (sky130_fd_sc_hd__clkbuf_4)
     7    0.07                           net33 (net)
                  0.16    0.00    4.40 ^ fanout23/A (sky130_fd_sc_hd__clkbuf_4)
                  0.11    0.18    4.58 ^ fanout23/X (sky130_fd_sc_hd__clkbuf_4)
     9    0.05                           net23 (net)
                  0.11    0.00    4.58 ^ fanout22/A (sky130_fd_sc_hd__clkbuf_2)
                  0.12    0.16    4.74 ^ fanout22/X (sky130_fd_sc_hd__clkbuf_2)
     6    0.03                           net22 (net)
                  0.12    0.00    4.74 ^ fanout21/A (sky130_fd_sc_hd__clkbuf_4)
                  0.12    0.18    4.92 ^ fanout21/X (sky130_fd_sc_hd__clkbuf_4)
    10    0.05                           net21 (net)
                  0.12    0.00    4.92 ^ _4432_/RESET_B (sky130_fd_sc_hd__dfrtp_1)
                                  4.92   data arrival time

                         20.00   20.00   clock clk (rise edge)
                          0.00   20.00   clock source latency
                  0.14    0.09   20.09 ^ clk (in)
     1    0.04                           clk (net)
                  0.14    0.00   20.09 ^ clkbuf_0_clk/A (sky130_fd_sc_hd__clkbuf_16)
                  0.08    0.14   20.24 ^ clkbuf_0_clk/X (sky130_fd_sc_hd__clkbuf_16)
     4    0.09                           clknet_0_clk (net)
                  0.08    0.00   20.24 ^ clkbuf_2_2__f_clk/A (sky130_fd_sc_hd__clkbuf_16)
                  0.13    0.17   20.41 ^ clkbuf_2_2__f_clk/X (sky130_fd_sc_hd__clkbuf_16)
    13    0.16                           clknet_2_2__leaf_clk (net)
                  0.13    0.00   20.41 ^ clkbuf_leaf_10_clk/A (sky130_fd_sc_hd__clkbuf_16)
                  0.04    0.11   20.53 ^ clkbuf_leaf_10_clk/X (sky130_fd_sc_hd__clkbuf_16)
    10    0.03                           clknet_leaf_10_clk (net)
                  0.04    0.00   20.53 ^ _4432_/CLK (sky130_fd_sc_hd__dfrtp_1)
                         -0.25   20.28   clock uncertainty
                          0.00   20.28   clock reconvergence pessimism
                          0.13   20.41   library recovery time
                                 20.41   data required time
-----------------------------------------------------------------------------
                                 20.41   data required time
                                 -4.92   data arrival time
-----------------------------------------------------------------------------
                                 15.48   slack (MET)


Startpoint: _4726_ (rising edge-triggered flip-flop clocked by clk)
Endpoint: gpio_pins[0] (output port clocked by clk)
Path Group: clk
Path Type: max
Corner: Fastest

Fanout     Cap    Slew   Delay    Time   Description
-----------------------------------------------------------------------------
                          0.00    0.00   clock clk (rise edge)
                          0.00    0.00   clock source latency
                  0.14    0.10    0.10 ^ clk (in)
     1    0.04                           clk (net)
                  0.14    0.00    0.10 ^ clkbuf_0_clk/A (sky130_fd_sc_hd__clkbuf_16)
                  0.08    0.16    0.26 ^ clkbuf_0_clk/X (sky130_fd_sc_hd__clkbuf_16)
     4    0.09                           clknet_0_clk (net)
                  0.08    0.00    0.27 ^ clkbuf_2_2__f_clk/A (sky130_fd_sc_hd__clkbuf_16)
                  0.13    0.18    0.45 ^ clkbuf_2_2__f_clk/X (sky130_fd_sc_hd__clkbuf_16)
    13    0.16                           clknet_2_2__leaf_clk (net)
                  0.13    0.00    0.45 ^ clkbuf_leaf_7_clk/A (sky130_fd_sc_hd__clkbuf_16)
                  0.04    0.12    0.58 ^ clkbuf_leaf_7_clk/X (sky130_fd_sc_hd__clkbuf_16)
     9    0.03                           clknet_leaf_7_clk (net)
                  0.04    0.00    0.58 ^ _4726_/CLK (sky130_fd_sc_hd__dfrtp_4)
                  0.07    0.35    0.93 v _4726_/Q (sky130_fd_sc_hd__dfrtp_4)
     2    0.04                           net3 (net)
                  0.07    0.00    0.93 v output3/A (sky130_fd_sc_hd__clkbuf_4)
                  0.06    0.15    1.08 v output3/X (sky130_fd_sc_hd__clkbuf_4)
     1    0.03                           gpio_pins[0] (net)
                  0.06    0.00    1.08 v gpio_pins[0] (out)
                                  1.08   data arrival time

                         20.00   20.00   clock clk (rise edge)
                          0.00   20.00   clock network delay (propagated)
                         -0.25   19.75   clock uncertainty
                          0.00   19.75   clock reconvergence pessimism
                         -4.00   15.75   output external delay
                                 15.75   data required time
-----------------------------------------------------------------------------
                                 15.75   data required time
                                 -1.08   data arrival time
-----------------------------------------------------------------------------
                                 14.67   slack (MET)



======================= Slowest Corner ===================================

Startpoint: rst_n (input port clocked by clk)
Endpoint: _4432_ (recovery check against rising-edge clock clk)
Path Group: asynchronous
Path Type: max
Corner: Slowest

Fanout     Cap    Slew   Delay    Time   Description
-----------------------------------------------------------------------------
                          0.00    0.00   clock clk (rise edge)
                          0.00    0.00   clock network delay (propagated)
                          4.00    4.00 ^ input external delay
                  0.03    0.02    4.02 ^ rst_n (in)
     1    0.00                           rst_n (net)
                  0.03    0.00    4.02 ^ input1/A (sky130_fd_sc_hd__buf_1)
                  0.40    0.39    4.40 ^ input1/X (sky130_fd_sc_hd__buf_1)
     1    0.02                           net1 (net)
                  0.40    0.00    4.41 ^ fanout33/A (sky130_fd_sc_hd__clkbuf_4)
                  0.32    0.61    5.01 ^ fanout33/X (sky130_fd_sc_hd__clkbuf_4)
     7    0.07                           net33 (net)
                  0.32    0.00    5.01 ^ fanout23/A (sky130_fd_sc_hd__clkbuf_4)
                  0.22    0.49    5.51 ^ fanout23/X (sky130_fd_sc_hd__clkbuf_4)
     9    0.04                           net23 (net)
                  0.22    0.00    5.51 ^ fanout22/A (sky130_fd_sc_hd__clkbuf_2)
                  0.24    0.40    5.91 ^ fanout22/X (sky130_fd_sc_hd__clkbuf_2)
     6    0.03                           net22 (net)
                  0.24    0.00    5.91 ^ fanout21/A (sky130_fd_sc_hd__clkbuf_4)
                  0.23    0.46    6.37 ^ fanout21/X (sky130_fd_sc_hd__clkbuf_4)
    10    0.05                           net21 (net)
                  0.23    0.00    6.37 ^ _4432_/RESET_B (sky130_fd_sc_hd__dfrtp_1)
                                  6.37   data arrival time

                         20.00   20.00   clock clk (rise edge)
                          0.00   20.00   clock source latency
                  0.30    0.20   20.20 ^ clk (in)
     1    0.04                           clk (net)
                  0.30    0.00   20.20 ^ clkbuf_0_clk/A (sky130_fd_sc_hd__clkbuf_16)
                  0.16    0.39   20.58 ^ clkbuf_0_clk/X (sky130_fd_sc_hd__clkbuf_16)
     4    0.09                           clknet_0_clk (net)
                  0.16    0.00   20.59 ^ clkbuf_2_2__f_clk/A (sky130_fd_sc_hd__clkbuf_16)
                  0.26    0.40   20.99 ^ clkbuf_2_2__f_clk/X (sky130_fd_sc_hd__clkbuf_16)
    13    0.16                           clknet_2_2__leaf_clk (net)
                  0.26    0.00   20.99 ^ clkbuf_leaf_10_clk/A (sky130_fd_sc_hd__clkbuf_16)
                  0.08    0.31   21.30 ^ clkbuf_leaf_10_clk/X (sky130_fd_sc_hd__clkbuf_16)
    10    0.03                           clknet_leaf_10_clk (net)
                  0.08    0.00   21.30 ^ _4432_/CLK (sky130_fd_sc_hd__dfrtp_1)
                         -0.25   21.05   clock uncertainty
                          0.00   21.05   clock reconvergence pessimism
                          0.41   21.46   library recovery time
                                 21.46   data required time
-----------------------------------------------------------------------------
                                 21.46   data required time
                                 -6.37   data arrival time
-----------------------------------------------------------------------------
                                 15.09   slack (MET)


Startpoint: _4267_ (rising edge-triggered flip-flop clocked by clk)
Endpoint: _4728_ (rising edge-triggered flip-flop clocked by clk)
Path Group: clk
Path Type: max
Corner: Slowest

Fanout     Cap    Slew   Delay    Time   Description
-----------------------------------------------------------------------------
                          0.00    0.00   clock clk (rise edge)
                          0.00    0.00   clock source latency
                  0.30    0.22    0.22 ^ clk (in)
     1    0.04                           clk (net)
                  0.30    0.00    0.22 ^ clkbuf_0_clk/A (sky130_fd_sc_hd__clkbuf_16)
                  0.16    0.43    0.64 ^ clkbuf_0_clk/X (sky130_fd_sc_hd__clkbuf_16)
     4    0.09                           clknet_0_clk (net)
                  0.16    0.00    0.65 ^ clkbuf_2_0__f_clk/A (sky130_fd_sc_hd__clkbuf_16)
                  0.30    0.48    1.12 ^ clkbuf_2_0__f_clk/X (sky130_fd_sc_hd__clkbuf_16)
    14    0.19                           clknet_2_0__leaf_clk (net)
                  0.30    0.01    1.13 ^ clkbuf_leaf_4_clk/A (sky130_fd_sc_hd__clkbuf_16)
                  0.07    0.34    1.47 ^ clkbuf_leaf_4_clk/X (sky130_fd_sc_hd__clkbuf_16)
     6    0.02                           clknet_leaf_4_clk (net)
                  0.07    0.00    1.47 ^ _4267_/CLK (sky130_fd_sc_hd__dfrtp_2)
                  0.20    0.85    2.32 ^ _4267_/Q (sky130_fd_sc_hd__dfrtp_2)
     4    0.02                           u_imem.addr[5] (net)
                  0.20    0.00    2.32 ^ _2229_/A (sky130_fd_sc_hd__buf_4)
                  0.28    0.44    2.76 ^ _2229_/X (sky130_fd_sc_hd__buf_4)
    10    0.06                           _0687_ (net)
                  0.28    0.00    2.76 ^ _2246_/A (sky130_fd_sc_hd__buf_4)
                  0.33    0.52    3.28 ^ _2246_/X (sky130_fd_sc_hd__buf_4)
    10    0.07                           _0704_ (net)
                  0.33    0.00    3.28 ^ _2247_/A (sky130_fd_sc_hd__buf_4)
                  0.38    0.57    3.85 ^ _2247_/X (sky130_fd_sc_hd__buf_4)
    10    0.08                           _0705_ (net)
                  0.38    0.00    3.86 ^ _2789_/S (sky130_fd_sc_hd__mux2_1)
                  0.20    0.97    4.82 v _2789_/X (sky130_fd_sc_hd__mux2_1)
     1    0.01                           _1247_ (net)
                  0.20    0.00    4.82 v _2791_/A2 (sky130_fd_sc_hd__a221o_1)
                  0.18    0.83    5.65 v _2791_/X (sky130_fd_sc_hd__a221o_1)
     4    0.01                           _1249_ (net)
                  0.18    0.00    5.66 v _2792_/B2 (sky130_fd_sc_hd__a2bb2o_1)
                  0.15    0.67    6.33 v _2792_/X (sky130_fd_sc_hd__a2bb2o_1)
     2    0.01                           _1250_ (net)
                  0.15    0.00    6.33 v _2798_/A3 (sky130_fd_sc_hd__o31ai_1)
                  0.36    0.41    6.74 ^ _2798_/Y (sky130_fd_sc_hd__o31ai_1)
     1    0.00                           _1256_ (net)
                  0.36    0.00    6.74 ^ _2814_/C (sky130_fd_sc_hd__nand4_1)
                  0.35    0.47    7.21 v _2814_/Y (sky130_fd_sc_hd__nand4_1)
     3    0.01                           _1272_ (net)
                  0.35    0.00    7.21 v _2815_/B (sky130_fd_sc_hd__or2_1)
                  0.09    0.59    7.80 v _2815_/X (sky130_fd_sc_hd__or2_1)
     1    0.00                           _1273_ (net)
                  0.09    0.00    7.80 v _2816_/B1_N (sky130_fd_sc_hd__o21bai_2)
                  0.22    0.53    8.33 v _2816_/Y (sky130_fd_sc_hd__o21bai_2)
     4    0.02                           _1274_ (net)
                  0.22    0.00    8.33 v _2842_/A1 (sky130_fd_sc_hd__a21oi_2)
                  0.36    0.46    8.79 ^ _2842_/Y (sky130_fd_sc_hd__a21oi_2)
     2    0.02                           _1300_ (net)
                  0.36    0.00    8.79 ^ _2931_/B2 (sky130_fd_sc_hd__o22a_1)
                  0.22    0.47    9.26 ^ _2931_/X (sky130_fd_sc_hd__o22a_1)
     2    0.01                           _1389_ (net)
                  0.22    0.00    9.26 ^ _2944_/A2 (sky130_fd_sc_hd__o2111a_1)
                  0.09    0.42    9.69 ^ _2944_/X (sky130_fd_sc_hd__o2111a_1)
     1    0.00                           _1402_ (net)
                  0.09    0.00    9.69 ^ _2953_/B (sky130_fd_sc_hd__nand3_1)
                  0.42    0.42   10.11 v _2953_/Y (sky130_fd_sc_hd__nand3_1)
     2    0.02                           _1411_ (net)
                  0.42    0.00   10.11 v _3401_/B (sky130_fd_sc_hd__nor3_1)
                  0.37    0.53   10.64 ^ _3401_/Y (sky130_fd_sc_hd__nor3_1)
     1    0.01                           _1685_ (net)
                  0.37    0.00   10.64 ^ wire11/A (sky130_fd_sc_hd__buf_1)
                  0.25    0.40   11.04 ^ wire11/X (sky130_fd_sc_hd__buf_1)
     4    0.01                           net11 (net)
                  0.25    0.00   11.04 ^ _3402_/A (sky130_fd_sc_hd__clkbuf_4)
                  0.21    0.45   11.49 ^ _3402_/X (sky130_fd_sc_hd__clkbuf_4)
    10    0.04                           _1686_ (net)
                  0.21    0.00   11.49 ^ _4130_/C (sky130_fd_sc_hd__nand3b_4)
                  0.28    0.36   11.85 v _4130_/Y (sky130_fd_sc_hd__nand3b_4)
     8    0.04                           _2062_ (net)
                  0.28    0.00   11.85 v _4139_/A2_N (sky130_fd_sc_hd__o2bb2ai_1)
                  0.12    0.33   12.18 v _4139_/Y (sky130_fd_sc_hd__o2bb2ai_1)
     1    0.00                           _0529_ (net)
                  0.12    0.00   12.18 v _4728_/D (sky130_fd_sc_hd__dfrtp_4)
                                 12.18   data arrival time

                         20.00   20.00   clock clk (rise edge)
                          0.00   20.00   clock source latency
                  0.30    0.20   20.20 ^ clk (in)
     1    0.04                           clk (net)
                  0.30    0.00   20.20 ^ clkbuf_0_clk/A (sky130_fd_sc_hd__clkbuf_16)
                  0.16    0.39   20.58 ^ clkbuf_0_clk/X (sky130_fd_sc_hd__clkbuf_16)
     4    0.09                           clknet_0_clk (net)
                  0.16    0.00   20.59 ^ clkbuf_2_2__f_clk/A (sky130_fd_sc_hd__clkbuf_16)
                  0.26    0.40   20.99 ^ clkbuf_2_2__f_clk/X (sky130_fd_sc_hd__clkbuf_16)
    13    0.16                           clknet_2_2__leaf_clk (net)
                  0.26    0.00   20.99 ^ clkbuf_leaf_17_clk/A (sky130_fd_sc_hd__clkbuf_16)
                  0.06    0.28   21.27 ^ clkbuf_leaf_17_clk/X (sky130_fd_sc_hd__clkbuf_16)
     3    0.01                           clknet_leaf_17_clk (net)
                  0.06    0.00   21.27 ^ _4728_/CLK (sky130_fd_sc_hd__dfrtp_4)
                         -0.25   21.02   clock uncertainty
                          0.06   21.08   clock reconvergence pessimism
                         -0.30   20.78   library setup time
                                 20.78   data required time
-----------------------------------------------------------------------------
                                 20.78   data required time
                                -12.18   data arrival time
-----------------------------------------------------------------------------
                                  8.60   slack (MET)



======================= Typical Corner ===================================

Startpoint: rst_n (input port clocked by clk)
Endpoint: _4432_ (recovery check against rising-edge clock clk)
Path Group: asynchronous
Path Type: max
Corner: Typical

Fanout     Cap    Slew   Delay    Time   Description
-----------------------------------------------------------------------------
                          0.00    0.00   clock clk (rise edge)
                          0.00    0.00   clock network delay (propagated)
                          4.00    4.00 ^ input external delay
                  0.02    0.01    4.01 ^ rst_n (in)
     1    0.00                           rst_n (net)
                  0.02    0.00    4.01 ^ input1/A (sky130_fd_sc_hd__buf_1)
                  0.25    0.22    4.24 ^ input1/X (sky130_fd_sc_hd__buf_1)
     1    0.02                           net1 (net)
                  0.25    0.00    4.24 ^ fanout33/A (sky130_fd_sc_hd__clkbuf_4)
                  0.20    0.34    4.58 ^ fanout33/X (sky130_fd_sc_hd__clkbuf_4)
     7    0.07                           net33 (net)
                  0.20    0.00    4.58 ^ fanout23/A (sky130_fd_sc_hd__clkbuf_4)
                  0.15    0.28    4.86 ^ fanout23/X (sky130_fd_sc_hd__clkbuf_4)
     9    0.05                           net23 (net)
                  0.15    0.00    4.86 ^ fanout22/A (sky130_fd_sc_hd__clkbuf_2)
                  0.16    0.23    5.09 ^ fanout22/X (sky130_fd_sc_hd__clkbuf_2)
     6    0.03                           net22 (net)
                  0.16    0.00    5.09 ^ fanout21/A (sky130_fd_sc_hd__clkbuf_4)
                  0.15    0.27    5.36 ^ fanout21/X (sky130_fd_sc_hd__clkbuf_4)
    10    0.05                           net21 (net)
                  0.15    0.00    5.36 ^ _4432_/RESET_B (sky130_fd_sc_hd__dfrtp_1)
                                  5.36   data arrival time

                         20.00   20.00   clock clk (rise edge)
                          0.00   20.00   clock source latency
                  0.19    0.13   20.13 ^ clk (in)
     1    0.04                           clk (net)
                  0.19    0.00   20.13 ^ clkbuf_0_clk/A (sky130_fd_sc_hd__clkbuf_16)
                  0.11    0.22   20.34 ^ clkbuf_0_clk/X (sky130_fd_sc_hd__clkbuf_16)
     4    0.09                           clknet_0_clk (net)
                  0.11    0.00   20.34 ^ clkbuf_2_2__f_clk/A (sky130_fd_sc_hd__clkbuf_16)
                  0.17    0.24   20.58 ^ clkbuf_2_2__f_clk/X (sky130_fd_sc_hd__clkbuf_16)
    13    0.16                           clknet_2_2__leaf_clk (net)
                  0.17    0.00   20.59 ^ clkbuf_leaf_10_clk/A (sky130_fd_sc_hd__clkbuf_16)
                  0.05    0.17   20.76 ^ clkbuf_leaf_10_clk/X (sky130_fd_sc_hd__clkbuf_16)
    10    0.03                           clknet_leaf_10_clk (net)
                  0.05    0.00   20.76 ^ _4432_/CLK (sky130_fd_sc_hd__dfrtp_1)
                         -0.25   20.51   clock uncertainty
                          0.00   20.51   clock reconvergence pessimism
                          0.20   20.71   library recovery time
                                 20.71   data required time
-----------------------------------------------------------------------------
                                 20.71   data required time
                                 -5.36   data arrival time
-----------------------------------------------------------------------------
                                 15.35   slack (MET)


Startpoint: _4264_ (rising edge-triggered flip-flop clocked by clk)
Endpoint: _4800_ (rising edge-triggered flip-flop clocked by clk)
Path Group: clk
Path Type: max
Corner: Typical

Fanout     Cap    Slew   Delay    Time   Description
-----------------------------------------------------------------------------
                          0.00    0.00   clock clk (rise edge)
                          0.00    0.00   clock source latency
                  0.19    0.14    0.14 ^ clk (in)
     1    0.04                           clk (net)
                  0.19    0.00    0.14 ^ clkbuf_0_clk/A (sky130_fd_sc_hd__clkbuf_16)
                  0.11    0.24    0.38 ^ clkbuf_0_clk/X (sky130_fd_sc_hd__clkbuf_16)
     4    0.09                           clknet_0_clk (net)
                  0.11    0.00    0.38 ^ clkbuf_2_0__f_clk/A (sky130_fd_sc_hd__clkbuf_16)
                  0.20    0.28    0.66 ^ clkbuf_2_0__f_clk/X (sky130_fd_sc_hd__clkbuf_16)
    14    0.19                           clknet_2_0__leaf_clk (net)
                  0.20    0.01    0.67 ^ clkbuf_leaf_4_clk/A (sky130_fd_sc_hd__clkbuf_16)
                  0.05    0.19    0.86 ^ clkbuf_leaf_4_clk/X (sky130_fd_sc_hd__clkbuf_16)
     6    0.02                           clknet_leaf_4_clk (net)
                  0.05    0.00    0.86 ^ _4264_/CLK (sky130_fd_sc_hd__dfrtp_1)
                  0.07    0.36    1.21 ^ _4264_/Q (sky130_fd_sc_hd__dfrtp_1)
     2    0.01                           u_imem.addr[2] (net)
                  0.07    0.00    1.21 ^ _2230_/A (sky130_fd_sc_hd__buf_4)
                  0.16    0.22    1.44 ^ _2230_/X (sky130_fd_sc_hd__buf_4)
    10    0.06                           _0688_ (net)
                  0.16    0.00    1.44 ^ _2271_/A (sky130_fd_sc_hd__inv_2)
                  0.07    0.10    1.54 v _2271_/Y (sky130_fd_sc_hd__inv_2)
     5    0.02                           _0729_ (net)
                  0.07    0.00    1.54 v _2272_/A (sky130_fd_sc_hd__clkbuf_4)
                  0.11    0.23    1.77 v _2272_/X (sky130_fd_sc_hd__clkbuf_4)
    10    0.05                           _0730_ (net)
                  0.11    0.00    1.77 v _2297_/B1 (sky130_fd_sc_hd__a21o_1)
                  0.11    0.26    2.03 v _2297_/X (sky130_fd_sc_hd__a21o_1)
     4    0.02                           _0755_ (net)
                  0.11    0.00    2.03 v _2298_/A (sky130_fd_sc_hd__clkbuf_4)
                  0.09    0.23    2.26 v _2298_/X (sky130_fd_sc_hd__clkbuf_4)
    10    0.04                           _0756_ (net)
                  0.09    0.00    2.26 v _2653_/A1 (sky130_fd_sc_hd__o311a_1)
                  0.08    0.41    2.67 v _2653_/X (sky130_fd_sc_hd__o311a_1)
     1    0.01                           _1111_ (net)
                  0.08    0.00    2.67 v _2654_/B (sky130_fd_sc_hd__nor2_2)
                  0.47    0.40    3.07 ^ _2654_/Y (sky130_fd_sc_hd__nor2_2)
     6    0.04                           _1112_ (net)
                  0.47    0.00    3.07 ^ _2656_/A3 (sky130_fd_sc_hd__o31a_1)
                  0.19    0.29    3.36 ^ _2656_/X (sky130_fd_sc_hd__o31a_1)
     4    0.02                           _1114_ (net)
                  0.19    0.00    3.36 ^ _2672_/B (sky130_fd_sc_hd__nor3_1)
                  0.10    0.10    3.46 v _2672_/Y (sky130_fd_sc_hd__nor3_1)
     2    0.01                           _1130_ (net)
                  0.10    0.00    3.46 v max_cap17/A (sky130_fd_sc_hd__buf_1)
                  0.06    0.15    3.61 v max_cap17/X (sky130_fd_sc_hd__buf_1)
     1    0.01                           net17 (net)
                  0.06    0.00    3.61 v _2908_/A3 (sky130_fd_sc_hd__a31oi_4)
                  0.37    0.38    3.99 ^ _2908_/Y (sky130_fd_sc_hd__a31oi_4)
     4    0.04                           _1366_ (net)
                  0.37    0.00    3.99 ^ _2987_/A2 (sky130_fd_sc_hd__o21ai_1)
                  0.09    0.14    4.14 v _2987_/Y (sky130_fd_sc_hd__o21ai_1)
     2    0.01                           _1445_ (net)
                  0.09    0.00    4.14 v _2988_/A (sky130_fd_sc_hd__nand2_1)
                  0.18    0.19    4.33 ^ _2988_/Y (sky130_fd_sc_hd__nand2_1)
     4    0.02                           _1446_ (net)
                  0.18    0.00    4.33 ^ _3005_/A2 (sky130_fd_sc_hd__a21boi_1)
                  0.11    0.14    4.47 v _3005_/Y (sky130_fd_sc_hd__a21boi_1)
     1    0.01                           _1463_ (net)
                  0.11    0.00    4.47 v _3006_/A2 (sky130_fd_sc_hd__o21bai_4)
                  0.26    0.27    4.74 ^ _3006_/Y (sky130_fd_sc_hd__o21bai_4)
     6    0.04                           _1464_ (net)
                  0.26    0.00    4.74 ^ _3012_/B1 (sky130_fd_sc_hd__o311a_2)
                  0.14    0.33    5.07 ^ _3012_/X (sky130_fd_sc_hd__o311a_2)
     4    0.02                           _1470_ (net)
                  0.14    0.00    5.07 ^ _3014_/A (sky130_fd_sc_hd__nor2_1)
                  0.08    0.10    5.17 v _3014_/Y (sky130_fd_sc_hd__nor2_1)
     3    0.01                           _1472_ (net)
                  0.08    0.00    5.17 v _3015_/D (sky130_fd_sc_hd__nor4_1)
                  0.39    0.33    5.50 ^ _3015_/Y (sky130_fd_sc_hd__nor4_1)
     1    0.01                           _1473_ (net)
                  0.39    0.00    5.50 ^ wire1/A (sky130_fd_sc_hd__buf_1)
                  0.15    0.22    5.71 ^ wire1/X (sky130_fd_sc_hd__buf_1)
     1    0.01                           net564 (net)
                  0.15    0.00    5.71 ^ wire13/A (sky130_fd_sc_hd__clkbuf_2)
                  0.13    0.21    5.93 ^ wire13/X (sky130_fd_sc_hd__clkbuf_2)
     4    0.02                           net13 (net)
                  0.13    0.00    5.93 ^ max_cap12/A (sky130_fd_sc_hd__clkbuf_2)
                  0.14    0.21    6.14 ^ max_cap12/X (sky130_fd_sc_hd__clkbuf_2)
     6    0.02                           net12 (net)
                  0.14    0.00    6.14 ^ _4218_/B1 (sky130_fd_sc_hd__o2111a_1)
                  0.10    0.25    6.39 ^ _4218_/X (sky130_fd_sc_hd__o2111a_1)
     1    0.01                           _2109_ (net)
                  0.10    0.00    6.39 ^ _4219_/B1 (sky130_fd_sc_hd__a21oi_1)
                  0.06    0.06    6.45 v _4219_/Y (sky130_fd_sc_hd__a21oi_1)
     1    0.00                           _0568_ (net)
                  0.06    0.00    6.45 v _4800_/D (sky130_fd_sc_hd__dfrtp_1)
                                  6.45   data arrival time

                         20.00   20.00   clock clk (rise edge)
                          0.00   20.00   clock source latency
                  0.19    0.13   20.13 ^ clk (in)
     1    0.04                           clk (net)
                  0.19    0.00   20.13 ^ clkbuf_0_clk/A (sky130_fd_sc_hd__clkbuf_16)
                  0.11    0.22   20.34 ^ clkbuf_0_clk/X (sky130_fd_sc_hd__clkbuf_16)
     4    0.09                           clknet_0_clk (net)
                  0.11    0.00   20.34 ^ clkbuf_2_2__f_clk/A (sky130_fd_sc_hd__clkbuf_16)
                  0.17    0.24   20.58 ^ clkbuf_2_2__f_clk/X (sky130_fd_sc_hd__clkbuf_16)
    13    0.16                           clknet_2_2__leaf_clk (net)
                  0.17    0.00   20.59 ^ clkbuf_leaf_10_clk/A (sky130_fd_sc_hd__clkbuf_16)
                  0.05    0.17   20.76 ^ clkbuf_leaf_10_clk/X (sky130_fd_sc_hd__clkbuf_16)
    10    0.03                           clknet_leaf_10_clk (net)
                  0.05    0.00   20.76 ^ _4800_/CLK (sky130_fd_sc_hd__dfrtp_1)
                         -0.25   20.51   clock uncertainty
                          0.04   20.54   clock reconvergence pessimism
                         -0.12   20.43   library setup time
                                 20.43   data required time
-----------------------------------------------------------------------------
                                 20.43   data required time
                                 -6.45   data arrival time
-----------------------------------------------------------------------------
                                 13.98   slack (MET)




===========================================================================
report_checks --slack_max -0.01
============================================================================
======================= Fastest Corner ===================================

No paths found.

======================= Slowest Corner ===================================

No paths found.

======================= Typical Corner ===================================

No paths found.


===========================================================================
 report_check_types -max_slew -max_cap -max_fanout -violators
============================================================================
======================= Fastest Corner ===================================

max fanout

Pin                                   Limit Fanout  Slack
---------------------------------------------------------
clkbuf_leaf_2_clk/X                      10     19     -9 (VIOLATED)
clkbuf_leaf_32_clk/X                     10     18     -8 (VIOLATED)
clkbuf_leaf_47_clk/X                     10     18     -8 (VIOLATED)
clkbuf_leaf_24_clk/X                     10     17     -7 (VIOLATED)
clkbuf_leaf_25_clk/X                     10     17     -7 (VIOLATED)
clkbuf_leaf_26_clk/X                     10     17     -7 (VIOLATED)
clkbuf_leaf_35_clk/X                     10     17     -7 (VIOLATED)
clkbuf_leaf_37_clk/X                     10     17     -7 (VIOLATED)
clkbuf_leaf_38_clk/X                     10     17     -7 (VIOLATED)
clkbuf_leaf_49_clk/X                     10     17     -7 (VIOLATED)
clkbuf_leaf_27_clk/X                     10     16     -6 (VIOLATED)
clkbuf_leaf_1_clk/X                      10     15     -5 (VIOLATED)
clkbuf_leaf_33_clk/X                     10     15     -5 (VIOLATED)
clkbuf_leaf_34_clk/X                     10     15     -5 (VIOLATED)
clkbuf_leaf_36_clk/X                     10     15     -5 (VIOLATED)
clkbuf_leaf_9_clk/X                      10     15     -5 (VIOLATED)
clkbuf_2_0__f_clk/X                      10     14     -4 (VIOLATED)
clkbuf_2_1__f_clk/X                      10     14     -4 (VIOLATED)
clkbuf_leaf_22_clk/X                     10     14     -4 (VIOLATED)
clkbuf_leaf_6_clk/X                      10     14     -4 (VIOLATED)
clkbuf_2_2__f_clk/X                      10     13     -3 (VIOLATED)
clkbuf_leaf_19_clk/X                     10     13     -3 (VIOLATED)
clkbuf_leaf_41_clk/X                     10     13     -3 (VIOLATED)
clkbuf_leaf_46_clk/X                     10     13     -3 (VIOLATED)
clkbuf_leaf_31_clk/X                     10     12     -2 (VIOLATED)
clkbuf_leaf_3_clk/X                      10     12     -2 (VIOLATED)
clkbuf_leaf_13_clk/X                     10     11        (VIOLATED)
clkbuf_leaf_28_clk/X                     10     11        (VIOLATED)
clkbuf_leaf_40_clk/X                     10     11        (VIOLATED)
clkbuf_leaf_8_clk/X                      10     11        (VIOLATED)


======================= Slowest Corner ===================================

max slew

Pin                                    Limit    Slew   Slack
------------------------------------------------------------
_3411_/A2                               0.75    0.82   -0.07 (VIOLATED)
_4222_/A2                               0.75    0.82   -0.07 (VIOLATED)
_2613_/B                                0.75    0.82   -0.07 (VIOLATED)
_2563_/C                                0.75    0.82   -0.07 (VIOLATED)
_2562_/A3                               0.75    0.82   -0.07 (VIOLATED)
_2556_/Y                                0.75    0.82   -0.07 (VIOLATED)
_2904_/Y                                0.75    0.81   -0.06 (VIOLATED)
_2905_/B2                               0.75    0.81   -0.06 (VIOLATED)
_2891_/Y                                0.75    0.76   -0.01 (VIOLATED)
_3791_/A3                               0.75    0.76   -0.01 (VIOLATED)
max_cap14/A                             0.75    0.76   -0.01 (VIOLATED)
_4147_/B                                0.75    0.75   -0.00 (VIOLATED)
_3423_/A2                               0.75    0.75   -0.00 (VIOLATED)
_4228_/A2                               0.75    0.75   -0.00 (VIOLATED)
_2655_/D                                0.75    0.75   -0.00 (VIOLATED)
_2656_/A3                               0.75    0.75   -0.00 (VIOLATED)
_2681_/A2                               0.75    0.75   -0.00 (VIOLATED)
_2654_/Y                                0.75    0.75   -0.00 (VIOLATED)

max fanout

Pin                                   Limit Fanout  Slack
---------------------------------------------------------
clkbuf_leaf_2_clk/X                      10     19     -9 (VIOLATED)
clkbuf_leaf_32_clk/X                     10     18     -8 (VIOLATED)
clkbuf_leaf_47_clk/X                     10     18     -8 (VIOLATED)
clkbuf_leaf_24_clk/X                     10     17     -7 (VIOLATED)
clkbuf_leaf_25_clk/X                     10     17     -7 (VIOLATED)
clkbuf_leaf_26_clk/X                     10     17     -7 (VIOLATED)
clkbuf_leaf_35_clk/X                     10     17     -7 (VIOLATED)
clkbuf_leaf_37_clk/X                     10     17     -7 (VIOLATED)
clkbuf_leaf_38_clk/X                     10     17     -7 (VIOLATED)
clkbuf_leaf_49_clk/X                     10     17     -7 (VIOLATED)
clkbuf_leaf_27_clk/X                     10     16     -6 (VIOLATED)
clkbuf_leaf_1_clk/X                      10     15     -5 (VIOLATED)
clkbuf_leaf_33_clk/X                     10     15     -5 (VIOLATED)
clkbuf_leaf_34_clk/X                     10     15     -5 (VIOLATED)
clkbuf_leaf_36_clk/X                     10     15     -5 (VIOLATED)
clkbuf_leaf_9_clk/X                      10     15     -5 (VIOLATED)
clkbuf_2_0__f_clk/X                      10     14     -4 (VIOLATED)
clkbuf_2_1__f_clk/X                      10     14     -4 (VIOLATED)
clkbuf_leaf_22_clk/X                     10     14     -4 (VIOLATED)
clkbuf_leaf_6_clk/X                      10     14     -4 (VIOLATED)
clkbuf_2_2__f_clk/X                      10     13     -3 (VIOLATED)
clkbuf_leaf_19_clk/X                     10     13     -3 (VIOLATED)
clkbuf_leaf_41_clk/X                     10     13     -3 (VIOLATED)
clkbuf_leaf_46_clk/X                     10     13     -3 (VIOLATED)
clkbuf_leaf_31_clk/X                     10     12     -2 (VIOLATED)
clkbuf_leaf_3_clk/X                      10     12     -2 (VIOLATED)
clkbuf_leaf_13_clk/X                     10     11        (VIOLATED)
clkbuf_leaf_28_clk/X                     10     11        (VIOLATED)
clkbuf_leaf_40_clk/X                     10     11        (VIOLATED)
clkbuf_leaf_8_clk/X                      10     11        (VIOLATED)


======================= Typical Corner ===================================

max fanout

Pin                                   Limit Fanout  Slack
---------------------------------------------------------
clkbuf_leaf_2_clk/X                      10     19     -9 (VIOLATED)
clkbuf_leaf_32_clk/X                     10     18     -8 (VIOLATED)
clkbuf_leaf_47_clk/X                     10     18     -8 (VIOLATED)
clkbuf_leaf_24_clk/X                     10     17     -7 (VIOLATED)
clkbuf_leaf_25_clk/X                     10     17     -7 (VIOLATED)
clkbuf_leaf_26_clk/X                     10     17     -7 (VIOLATED)
clkbuf_leaf_35_clk/X                     10     17     -7 (VIOLATED)
clkbuf_leaf_37_clk/X                     10     17     -7 (VIOLATED)
clkbuf_leaf_38_clk/X                     10     17     -7 (VIOLATED)
clkbuf_leaf_49_clk/X                     10     17     -7 (VIOLATED)
clkbuf_leaf_27_clk/X                     10     16     -6 (VIOLATED)
clkbuf_leaf_1_clk/X                      10     15     -5 (VIOLATED)
clkbuf_leaf_33_clk/X                     10     15     -5 (VIOLATED)
clkbuf_leaf_34_clk/X                     10     15     -5 (VIOLATED)
clkbuf_leaf_36_clk/X                     10     15     -5 (VIOLATED)
clkbuf_leaf_9_clk/X                      10     15     -5 (VIOLATED)
clkbuf_2_0__f_clk/X                      10     14     -4 (VIOLATED)
clkbuf_2_1__f_clk/X                      10     14     -4 (VIOLATED)
clkbuf_leaf_22_clk/X                     10     14     -4 (VIOLATED)
clkbuf_leaf_6_clk/X                      10     14     -4 (VIOLATED)
clkbuf_2_2__f_clk/X                      10     13     -3 (VIOLATED)
clkbuf_leaf_19_clk/X                     10     13     -3 (VIOLATED)
clkbuf_leaf_41_clk/X                     10     13     -3 (VIOLATED)
clkbuf_leaf_46_clk/X                     10     13     -3 (VIOLATED)
clkbuf_leaf_31_clk/X                     10     12     -2 (VIOLATED)
clkbuf_leaf_3_clk/X                      10     12     -2 (VIOLATED)
clkbuf_leaf_13_clk/X                     10     11        (VIOLATED)
clkbuf_leaf_28_clk/X                     10     11        (VIOLATED)
clkbuf_leaf_40_clk/X                     10     11        (VIOLATED)
clkbuf_leaf_8_clk/X                      10     11        (VIOLATED)



===========================================================================
report_parasitic_annotation -report_unannotated
============================================================================
Found 0 unannotated drivers.
Found 0 partially unannotated drivers.

===========================================================================
max slew violation count 18
max fanout violation count 30
max cap violation count 0
============================================================================

===========================================================================
check_setup -verbose -unconstrained_endpoints -multiple_clock -no_clock -no_input_delay -loops -generated_clocks
===========================================================================
