
===========================================================================
 report_power
============================================================================
======================= Fastest Corner ===================================

Group                  Internal  Switching    Leakage      Total
                          Power      Power      Power      Power (Watts)
----------------------------------------------------------------
Sequential             1.55e-03   1.65e-04   4.70e-07   1.71e-03  20.8%
Combinational          2.56e-03   3.96e-03   3.18e-08   6.52e-03  79.2%
Macro                  0.00e+00   0.00e+00   0.00e+00   0.00e+00   0.0%
Pad                    0.00e+00   0.00e+00   0.00e+00   0.00e+00   0.0%
----------------------------------------------------------------
Total                  4.11e-03   4.12e-03   5.02e-07   8.23e-03 100.0%
                          49.9%      50.1%       0.0%

======================= Slowest Corner ===================================

Group                  Internal  Switching    Leakage      Total
                          Power      Power      Power      Power (Watts)
----------------------------------------------------------------
Sequential             1.04e-03   1.07e-04   8.88e-06   1.16e-03  20.2%
Combinational          1.93e-03   2.63e-03   1.31e-05   4.56e-03  79.8%
Macro                  0.00e+00   0.00e+00   0.00e+00   0.00e+00   0.0%
Pad                    0.00e+00   0.00e+00   0.00e+00   0.00e+00   0.0%
----------------------------------------------------------------
Total                  2.97e-03   2.73e-03   2.20e-05   5.72e-03 100.0%
                          51.8%      47.8%       0.4%

======================= Typical Corner ===================================

Group                  Internal  Switching    Leakage      Total
                          Power      Power      Power      Power (Watts)
----------------------------------------------------------------
Sequential             1.34e-03   1.38e-04   4.67e-07   1.47e-03  20.5%
Combinational          2.37e-03   3.35e-03   1.23e-08   5.72e-03  79.5%
Macro                  0.00e+00   0.00e+00   0.00e+00   0.00e+00   0.0%
Pad                    0.00e+00   0.00e+00   0.00e+00   0.00e+00   0.0%
----------------------------------------------------------------
Total                  3.71e-03   3.48e-03   4.79e-07   7.19e-03 100.0%
                          51.6%      48.4%       0.0%

