
===========================================================================
 report_power
============================================================================
======================= Fastest Corner ===================================

Group                  Internal  Switching    Leakage      Total
                          Power      Power      Power      Power (Watts)
----------------------------------------------------------------
Sequential             1.55e-03   1.58e-04   4.70e-07   1.71e-03  21.2%
Combinational          2.56e-03   3.77e-03   3.18e-08   6.33e-03  78.8%
Macro                  0.00e+00   0.00e+00   0.00e+00   0.00e+00   0.0%
Pad                    0.00e+00   0.00e+00   0.00e+00   0.00e+00   0.0%
----------------------------------------------------------------
Total                  4.11e-03   3.93e-03   5.02e-07   8.04e-03 100.0%
                          51.1%      48.9%       0.0%

======================= Slowest Corner ===================================

Group                  Internal  Switching    Leakage      Total
                          Power      Power      Power      Power (Watts)
----------------------------------------------------------------
Sequential             1.04e-03   1.03e-04   8.88e-06   1.15e-03  20.6%
Combinational          1.93e-03   2.50e-03   1.31e-05   4.44e-03  79.4%
Macro                  0.00e+00   0.00e+00   0.00e+00   0.00e+00   0.0%
Pad                    0.00e+00   0.00e+00   0.00e+00   0.00e+00   0.0%
----------------------------------------------------------------
Total                  2.97e-03   2.60e-03   2.20e-05   5.59e-03 100.0%
                          53.1%      46.6%       0.4%

======================= Typical Corner ===================================

Group                  Internal  Switching    Leakage      Total
                          Power      Power      Power      Power (Watts)
----------------------------------------------------------------
Sequential             1.34e-03   1.32e-04   4.67e-07   1.47e-03  20.9%
Combinational          2.37e-03   3.19e-03   1.23e-08   5.56e-03  79.1%
Macro                  0.00e+00   0.00e+00   0.00e+00   0.00e+00   0.0%
Pad                    0.00e+00   0.00e+00   0.00e+00   0.00e+00   0.0%
----------------------------------------------------------------
Total                  3.71e-03   3.32e-03   4.79e-07   7.03e-03 100.0%
                          52.8%      47.2%       0.0%

