
===========================================================================
report_checks -unconstrained
===========================================================================
======================= Fastest Corner ===================================

Startpoint: rst_n (input port clocked by clk)
Endpoint: _4432_ (recovery check against rising-edge clock clk)
Path Group: asynchronous
Path Type: max
Corner: Fastest

Fanout     Cap    Slew   Delay    Time   Description
-----------------------------------------------------------------------------
                          0.00    0.00   clock clk (rise edge)
                          0.00    0.00   clock network delay (propagated)
                          4.00    4.00 ^ input external delay
                  0.01    0.01    4.01 ^ rst_n (in)
     1    0.00                           rst_n (net)
                  0.01    0.00    4.01 ^ input1/A (sky130_fd_sc_hd__buf_1)
                  0.17    0.15    4.16 ^ input1/X (sky130_fd_sc_hd__buf_1)
     1    0.02                           net1 (net)
                  0.17    0.00    4.16 ^ fanout33/A (sky130_fd_sc_hd__clkbuf_4)
                  0.15    0.21    4.37 ^ fanout33/X (sky130_fd_sc_hd__clkbuf_4)
     7    0.06                           net33 (net)
                  0.15    0.00    4.37 ^ fanout23/A (sky130_fd_sc_hd__clkbuf_4)
                  0.11    0.18    4.55 ^ fanout23/X (sky130_fd_sc_hd__clkbuf_4)
     9    0.04                           net23 (net)
                  0.11    0.00    4.56 ^ fanout22/A (sky130_fd_sc_hd__clkbuf_2)
                  0.12    0.15    4.71 ^ fanout22/X (sky130_fd_sc_hd__clkbuf_2)
     6    0.03                           net22 (net)
                  0.12    0.00    4.71 ^ fanout21/A (sky130_fd_sc_hd__clkbuf_4)
                  0.11    0.18    4.89 ^ fanout21/X (sky130_fd_sc_hd__clkbuf_4)
    10    0.05                           net21 (net)
                  0.11    0.00    4.89 ^ _4432_/RESET_B (sky130_fd_sc_hd__dfrtp_1)
                                  4.89   data arrival time

                         20.00   20.00   clock clk (rise edge)
                          0.00   20.00   clock source latency
                  0.13    0.09   20.09 ^ clk (in)
     1    0.04                           clk (net)
                  0.13    0.00   20.09 ^ clkbuf_0_clk/A (sky130_fd_sc_hd__clkbuf_16)
                  0.08    0.14   20.23 ^ clkbuf_0_clk/X (sky130_fd_sc_hd__clkbuf_16)
     4    0.09                           clknet_0_clk (net)
                  0.08    0.00   20.23 ^ clkbuf_2_2__f_clk/A (sky130_fd_sc_hd__clkbuf_16)
                  0.13    0.16   20.39 ^ clkbuf_2_2__f_clk/X (sky130_fd_sc_hd__clkbuf_16)
    13    0.16                           clknet_2_2__leaf_clk (net)
                  0.13    0.00   20.40 ^ clkbuf_leaf_10_clk/A (sky130_fd_sc_hd__clkbuf_16)
                  0.04    0.11   20.51 ^ clkbuf_leaf_10_clk/X (sky130_fd_sc_hd__clkbuf_16)
    10    0.03                           clknet_leaf_10_clk (net)
                  0.04    0.00   20.51 ^ _4432_/CLK (sky130_fd_sc_hd__dfrtp_1)
                         -0.25   20.26   clock uncertainty
                          0.00   20.26   clock reconvergence pessimism
                          0.13   20.39   library recovery time
                                 20.39   data required time
-----------------------------------------------------------------------------
                                 20.39   data required time
                                 -4.89   data arrival time
-----------------------------------------------------------------------------
                                 15.50   slack (MET)


Startpoint: _4726_ (rising edge-triggered flip-flop clocked by clk)
Endpoint: gpio_pins[0] (output port clocked by clk)
Path Group: clk
Path Type: max
Corner: Fastest

Fanout     Cap    Slew   Delay    Time   Description
-----------------------------------------------------------------------------
                          0.00    0.00   clock clk (rise edge)
                          0.00    0.00   clock source latency
                  0.13    0.10    0.10 ^ clk (in)
     1    0.04                           clk (net)
                  0.13    0.00    0.10 ^ clkbuf_0_clk/A (sky130_fd_sc_hd__clkbuf_16)
                  0.08    0.16    0.25 ^ clkbuf_0_clk/X (sky130_fd_sc_hd__clkbuf_16)
     4    0.09                           clknet_0_clk (net)
                  0.08    0.00    0.25 ^ clkbuf_2_2__f_clk/A (sky130_fd_sc_hd__clkbuf_16)
                  0.13    0.18    0.43 ^ clkbuf_2_2__f_clk/X (sky130_fd_sc_hd__clkbuf_16)
    13    0.16                           clknet_2_2__leaf_clk (net)
                  0.13    0.00    0.44 ^ clkbuf_leaf_7_clk/A (sky130_fd_sc_hd__clkbuf_16)
                  0.04    0.12    0.56 ^ clkbuf_leaf_7_clk/X (sky130_fd_sc_hd__clkbuf_16)
     9    0.03                           clknet_leaf_7_clk (net)
                  0.04    0.00    0.56 ^ _4726_/CLK (sky130_fd_sc_hd__dfrtp_4)
                  0.07    0.34    0.90 v _4726_/Q (sky130_fd_sc_hd__dfrtp_4)
     2    0.03                           net3 (net)
                  0.07    0.00    0.91 v output3/A (sky130_fd_sc_hd__clkbuf_4)
                  0.06    0.15    1.05 v output3/X (sky130_fd_sc_hd__clkbuf_4)
     1    0.03                           gpio_pins[0] (net)
                  0.06    0.00    1.05 v gpio_pins[0] (out)
                                  1.05   data arrival time

                         20.00   20.00   clock clk (rise edge)
                          0.00   20.00   clock network delay (propagated)
                         -0.25   19.75   clock uncertainty
                          0.00   19.75   clock reconvergence pessimism
                         -4.00   15.75   output external delay
                                 15.75   data required time
-----------------------------------------------------------------------------
                                 15.75   data required time
                                 -1.05   data arrival time
-----------------------------------------------------------------------------
                                 14.70   slack (MET)



======================= Slowest Corner ===================================

Startpoint: rst_n (input port clocked by clk)
Endpoint: _4432_ (recovery check against rising-edge clock clk)
Path Group: asynchronous
Path Type: max
Corner: Slowest

Fanout     Cap    Slew   Delay    Time   Description
-----------------------------------------------------------------------------
                          0.00    0.00   clock clk (rise edge)
                          0.00    0.00   clock network delay (propagated)
                          4.00    4.00 ^ input external delay
                  0.03    0.02    4.02 ^ rst_n (in)
     1    0.00                           rst_n (net)
                  0.03    0.00    4.02 ^ input1/A (sky130_fd_sc_hd__buf_1)
                  0.37    0.36    4.38 ^ input1/X (sky130_fd_sc_hd__buf_1)
     1    0.02                           net1 (net)
                  0.37    0.00    4.38 ^ fanout33/A (sky130_fd_sc_hd__clkbuf_4)
                  0.30    0.58    4.96 ^ fanout33/X (sky130_fd_sc_hd__clkbuf_4)
     7    0.06                           net33 (net)
                  0.30    0.00    4.96 ^ fanout23/A (sky130_fd_sc_hd__clkbuf_4)
                  0.21    0.48    5.44 ^ fanout23/X (sky130_fd_sc_hd__clkbuf_4)
     9    0.04                           net23 (net)
                  0.21    0.00    5.44 ^ fanout22/A (sky130_fd_sc_hd__clkbuf_2)
                  0.23    0.39    5.83 ^ fanout22/X (sky130_fd_sc_hd__clkbuf_2)
     6    0.03                           net22 (net)
                  0.23    0.00    5.83 ^ fanout21/A (sky130_fd_sc_hd__clkbuf_4)
                  0.22    0.46    6.29 ^ fanout21/X (sky130_fd_sc_hd__clkbuf_4)
    10    0.04                           net21 (net)
                  0.22    0.00    6.29 ^ _4432_/RESET_B (sky130_fd_sc_hd__dfrtp_1)
                                  6.29   data arrival time

                         20.00   20.00   clock clk (rise edge)
                          0.00   20.00   clock source latency
                  0.28    0.18   20.18 ^ clk (in)
     1    0.04                           clk (net)
                  0.28    0.00   20.18 ^ clkbuf_0_clk/A (sky130_fd_sc_hd__clkbuf_16)
                  0.16    0.37   20.56 ^ clkbuf_0_clk/X (sky130_fd_sc_hd__clkbuf_16)
     4    0.09                           clknet_0_clk (net)
                  0.16    0.00   20.56 ^ clkbuf_2_2__f_clk/A (sky130_fd_sc_hd__clkbuf_16)
                  0.25    0.39   20.95 ^ clkbuf_2_2__f_clk/X (sky130_fd_sc_hd__clkbuf_16)
    13    0.15                           clknet_2_2__leaf_clk (net)
                  0.25    0.00   20.95 ^ clkbuf_leaf_10_clk/A (sky130_fd_sc_hd__clkbuf_16)
                  0.08    0.30   21.26 ^ clkbuf_leaf_10_clk/X (sky130_fd_sc_hd__clkbuf_16)
    10    0.03                           clknet_leaf_10_clk (net)
                  0.08    0.00   21.26 ^ _4432_/CLK (sky130_fd_sc_hd__dfrtp_1)
                         -0.25   21.01   clock uncertainty
                          0.00   21.01   clock reconvergence pessimism
                          0.41   21.42   library recovery time
                                 21.42   data required time
-----------------------------------------------------------------------------
                                 21.42   data required time
                                 -6.29   data arrival time
-----------------------------------------------------------------------------
                                 15.13   slack (MET)


Startpoint: _4267_ (rising edge-triggered flip-flop clocked by clk)
Endpoint: _4728_ (rising edge-triggered flip-flop clocked by clk)
Path Group: clk
Path Type: max
Corner: Slowest

Fanout     Cap    Slew   Delay    Time   Description
-----------------------------------------------------------------------------
                          0.00    0.00   clock clk (rise edge)
                          0.00    0.00   clock source latency
                  0.28    0.20    0.20 ^ clk (in)
     1    0.04                           clk (net)
                  0.28    0.00    0.20 ^ clkbuf_0_clk/A (sky130_fd_sc_hd__clkbuf_16)
                  0.16    0.41    0.61 ^ clkbuf_0_clk/X (sky130_fd_sc_hd__clkbuf_16)
     4    0.09                           clknet_0_clk (net)
                  0.16    0.00    0.62 ^ clkbuf_2_0__f_clk/A (sky130_fd_sc_hd__clkbuf_16)
                  0.29    0.46    1.08 ^ clkbuf_2_0__f_clk/X (sky130_fd_sc_hd__clkbuf_16)
    14    0.18                           clknet_2_0__leaf_clk (net)
                  0.29    0.00    1.08 ^ clkbuf_leaf_4_clk/A (sky130_fd_sc_hd__clkbuf_16)
                  0.07    0.34    1.42 ^ clkbuf_leaf_4_clk/X (sky130_fd_sc_hd__clkbuf_16)
     6    0.02                           clknet_leaf_4_clk (net)
                  0.07    0.00    1.42 ^ _4267_/CLK (sky130_fd_sc_hd__dfrtp_2)
                  0.19    0.84    2.26 ^ _4267_/Q (sky130_fd_sc_hd__dfrtp_2)
     4    0.02                           u_imem.addr[5] (net)
                  0.19    0.00    2.26 ^ _2229_/A (sky130_fd_sc_hd__buf_4)
                  0.27    0.44    2.70 ^ _2229_/X (sky130_fd_sc_hd__buf_4)
    10    0.06                           _0687_ (net)
                  0.27    0.00    2.70 ^ _2246_/A (sky130_fd_sc_hd__buf_4)
                  0.31    0.50    3.20 ^ _2246_/X (sky130_fd_sc_hd__buf_4)
    10    0.07                           _0704_ (net)
                  0.31    0.00    3.20 ^ _2470_/S (sky130_fd_sc_hd__mux2_1)
                  0.13    0.85    4.06 v _2470_/X (sky130_fd_sc_hd__mux2_1)
     1    0.00                           _0928_ (net)
                  0.13    0.00    4.06 v _2471_/A0 (sky130_fd_sc_hd__mux2_1)
                  0.12    0.70    4.76 v _2471_/X (sky130_fd_sc_hd__mux2_1)
     1    0.00                           _0929_ (net)
                  0.12    0.00    4.76 v _2473_/A2 (sky130_fd_sc_hd__o21ai_1)
                  0.46    0.46    5.22 ^ _2473_/Y (sky130_fd_sc_hd__o21ai_1)
     3    0.01                           _0931_ (net)
                  0.46    0.00    5.22 ^ _2474_/B1 (sky130_fd_sc_hd__o21ai_1)
                  0.20    0.34    5.56 v _2474_/Y (sky130_fd_sc_hd__o21ai_1)
     2    0.01                           _0932_ (net)
                  0.20    0.00    5.56 v _2477_/A3 (sky130_fd_sc_hd__o31ai_2)
                  0.42    0.46    6.02 ^ _2477_/Y (sky130_fd_sc_hd__o31ai_2)
     2    0.01                           _0935_ (net)
                  0.42    0.00    6.02 ^ _2478_/D (sky130_fd_sc_hd__nand4b_2)
                  0.29    0.45    6.48 v _2478_/Y (sky130_fd_sc_hd__nand4b_2)
     2    0.01                           _0936_ (net)
                  0.29    0.00    6.48 v _2693_/B (sky130_fd_sc_hd__or2_2)
                  0.18    0.85    7.33 v _2693_/X (sky130_fd_sc_hd__or2_2)
     2    0.02                           _1151_ (net)
                  0.18    0.00    7.33 v _2694_/B1 (sky130_fd_sc_hd__a21oi_2)
                  0.48    0.48    7.81 ^ _2694_/Y (sky130_fd_sc_hd__a21oi_2)
     4    0.02                           _1152_ (net)
                  0.48    0.00    7.81 ^ _2816_/A2 (sky130_fd_sc_hd__o21bai_2)
                  0.21    0.35    8.16 v _2816_/Y (sky130_fd_sc_hd__o21bai_2)
     4    0.02                           _1274_ (net)
                  0.21    0.00    8.16 v _2842_/A1 (sky130_fd_sc_hd__a21oi_2)
                  0.35    0.44    8.60 ^ _2842_/Y (sky130_fd_sc_hd__a21oi_2)
     2    0.02                           _1300_ (net)
                  0.35    0.00    8.60 ^ _2931_/B2 (sky130_fd_sc_hd__o22a_1)
                  0.21    0.46    9.06 ^ _2931_/X (sky130_fd_sc_hd__o22a_1)
     2    0.01                           _1389_ (net)
                  0.21    0.00    9.06 ^ _2944_/A2 (sky130_fd_sc_hd__o2111a_1)
                  0.09    0.42    9.48 ^ _2944_/X (sky130_fd_sc_hd__o2111a_1)
     1    0.00                           _1402_ (net)
                  0.09    0.00    9.48 ^ _2953_/B (sky130_fd_sc_hd__nand3_1)
                  0.39    0.40    9.87 v _2953_/Y (sky130_fd_sc_hd__nand3_1)
     2    0.02                           _1411_ (net)
                  0.39    0.00    9.87 v _3401_/B (sky130_fd_sc_hd__nor3_1)
                  0.36    0.51   10.38 ^ _3401_/Y (sky130_fd_sc_hd__nor3_1)
     1    0.00                           _1685_ (net)
                  0.36    0.00   10.38 ^ wire11/A (sky130_fd_sc_hd__buf_1)
                  0.24    0.39   10.77 ^ wire11/X (sky130_fd_sc_hd__buf_1)
     4    0.01                           net11 (net)
                  0.24    0.00   10.77 ^ _3402_/A (sky130_fd_sc_hd__clkbuf_4)
                  0.21    0.45   11.22 ^ _3402_/X (sky130_fd_sc_hd__clkbuf_4)
    10    0.04                           _1686_ (net)
                  0.21    0.00   11.22 ^ _4130_/C (sky130_fd_sc_hd__nand3b_4)
                  0.27    0.35   11.57 v _4130_/Y (sky130_fd_sc_hd__nand3b_4)
     8    0.03                           _2062_ (net)
                  0.27    0.00   11.57 v _4139_/A2_N (sky130_fd_sc_hd__o2bb2ai_1)
                  0.12    0.32   11.89 v _4139_/Y (sky130_fd_sc_hd__o2bb2ai_1)
     1    0.00                           _0529_ (net)
                  0.12    0.00   11.89 v _4728_/D (sky130_fd_sc_hd__dfrtp_4)
                                 11.89   data arrival time

                         20.00   20.00   clock clk (rise edge)
                          0.00   20.00   clock source latency
                  0.28    0.18   20.18 ^ clk (in)
     1    0.04                           clk (net)
                  0.28    0.00   20.18 ^ clkbuf_0_clk/A (sky130_fd_sc_hd__clkbuf_16)
                  0.16    0.37   20.56 ^ clkbuf_0_clk/X (sky130_fd_sc_hd__clkbuf_16)
     4    0.09                           clknet_0_clk (net)
                  0.16    0.00   20.56 ^ clkbuf_2_2__f_clk/A (sky130_fd_sc_hd__clkbuf_16)
                  0.25    0.39   20.95 ^ clkbuf_2_2__f_clk/X (sky130_fd_sc_hd__clkbuf_16)
    13    0.15                           clknet_2_2__leaf_clk (net)
                  0.25    0.00   20.95 ^ clkbuf_leaf_17_clk/A (sky130_fd_sc_hd__clkbuf_16)
                  0.06    0.28   21.23 ^ clkbuf_leaf_17_clk/X (sky130_fd_sc_hd__clkbuf_16)
     3    0.01                           clknet_leaf_17_clk (net)
                  0.06    0.00   21.23 ^ _4728_/CLK (sky130_fd_sc_hd__dfrtp_4)
                         -0.25   20.98   clock uncertainty
                          0.06   21.04   clock reconvergence pessimism
                         -0.30   20.74   library setup time
                                 20.74   data required time
-----------------------------------------------------------------------------
                                 20.74   data required time
                                -11.89   data arrival time
-----------------------------------------------------------------------------
                                  8.84   slack (MET)



======================= Typical Corner ===================================

Startpoint: rst_n (input port clocked by clk)
Endpoint: _4432_ (recovery check against rising-edge clock clk)
Path Group: asynchronous
Path Type: max
Corner: Typical

Fanout     Cap    Slew   Delay    Time   Description
-----------------------------------------------------------------------------
                          0.00    0.00   clock clk (rise edge)
                          0.00    0.00   clock network delay (propagated)
                          4.00    4.00 ^ input external delay
                  0.02    0.01    4.01 ^ rst_n (in)
     1    0.00                           rst_n (net)
                  0.02    0.00    4.01 ^ input1/A (sky130_fd_sc_hd__buf_1)
                  0.23    0.21    4.22 ^ input1/X (sky130_fd_sc_hd__buf_1)
     1    0.02                           net1 (net)
                  0.23    0.00    4.22 ^ fanout33/A (sky130_fd_sc_hd__clkbuf_4)
                  0.19    0.32    4.55 ^ fanout33/X (sky130_fd_sc_hd__clkbuf_4)
     7    0.06                           net33 (net)
                  0.19    0.00    4.55 ^ fanout23/A (sky130_fd_sc_hd__clkbuf_4)
                  0.14    0.27    4.82 ^ fanout23/X (sky130_fd_sc_hd__clkbuf_4)
     9    0.04                           net23 (net)
                  0.14    0.00    4.82 ^ fanout22/A (sky130_fd_sc_hd__clkbuf_2)
                  0.16    0.23    5.05 ^ fanout22/X (sky130_fd_sc_hd__clkbuf_2)
     6    0.03                           net22 (net)
                  0.16    0.00    5.05 ^ fanout21/A (sky130_fd_sc_hd__clkbuf_4)
                  0.15    0.27    5.31 ^ fanout21/X (sky130_fd_sc_hd__clkbuf_4)
    10    0.05                           net21 (net)
                  0.15    0.00    5.32 ^ _4432_/RESET_B (sky130_fd_sc_hd__dfrtp_1)
                                  5.32   data arrival time

                         20.00   20.00   clock clk (rise edge)
                          0.00   20.00   clock source latency
                  0.18    0.12   20.12 ^ clk (in)
     1    0.04                           clk (net)
                  0.18    0.00   20.12 ^ clkbuf_0_clk/A (sky130_fd_sc_hd__clkbuf_16)
                  0.10    0.21   20.33 ^ clkbuf_0_clk/X (sky130_fd_sc_hd__clkbuf_16)
     4    0.09                           clknet_0_clk (net)
                  0.10    0.00   20.33 ^ clkbuf_2_2__f_clk/A (sky130_fd_sc_hd__clkbuf_16)
                  0.17    0.23   20.56 ^ clkbuf_2_2__f_clk/X (sky130_fd_sc_hd__clkbuf_16)
    13    0.16                           clknet_2_2__leaf_clk (net)
                  0.17    0.00   20.56 ^ clkbuf_leaf_10_clk/A (sky130_fd_sc_hd__clkbuf_16)
                  0.05    0.17   20.73 ^ clkbuf_leaf_10_clk/X (sky130_fd_sc_hd__clkbuf_16)
    10    0.03                           clknet_leaf_10_clk (net)
                  0.05    0.00   20.73 ^ _4432_/CLK (sky130_fd_sc_hd__dfrtp_1)
                         -0.25   20.48   clock uncertainty
                          0.00   20.48   clock reconvergence pessimism
                          0.21   20.69   library recovery time
                                 20.69   data required time
-----------------------------------------------------------------------------
                                 20.69   data required time
                                 -5.32   data arrival time
-----------------------------------------------------------------------------
                                 15.37   slack (MET)


Startpoint: _4264_ (rising edge-triggered flip-flop clocked by clk)
Endpoint: _4800_ (rising edge-triggered flip-flop clocked by clk)
Path Group: clk
Path Type: max
Corner: Typical

Fanout     Cap    Slew   Delay    Time   Description
-----------------------------------------------------------------------------
                          0.00    0.00   clock clk (rise edge)
                          0.00    0.00   clock source latency
                  0.18    0.13    0.13 ^ clk (in)
     1    0.04                           clk (net)
                  0.18    0.00    0.13 ^ clkbuf_0_clk/A (sky130_fd_sc_hd__clkbuf_16)
                  0.10    0.23    0.36 ^ clkbuf_0_clk/X (sky130_fd_sc_hd__clkbuf_16)
     4    0.09                           clknet_0_clk (net)
                  0.10    0.00    0.36 ^ clkbuf_2_0__f_clk/A (sky130_fd_sc_hd__clkbuf_16)
                  0.19    0.28    0.64 ^ clkbuf_2_0__f_clk/X (sky130_fd_sc_hd__clkbuf_16)
    14    0.18                           clknet_2_0__leaf_clk (net)
                  0.19    0.00    0.64 ^ clkbuf_leaf_4_clk/A (sky130_fd_sc_hd__clkbuf_16)
                  0.04    0.18    0.82 ^ clkbuf_leaf_4_clk/X (sky130_fd_sc_hd__clkbuf_16)
     6    0.02                           clknet_leaf_4_clk (net)
                  0.04    0.00    0.82 ^ _4264_/CLK (sky130_fd_sc_hd__dfrtp_1)
                  0.07    0.36    1.18 ^ _4264_/Q (sky130_fd_sc_hd__dfrtp_1)
     2    0.01                           u_imem.addr[2] (net)
                  0.07    0.00    1.18 ^ _2230_/A (sky130_fd_sc_hd__buf_4)
                  0.16    0.22    1.40 ^ _2230_/X (sky130_fd_sc_hd__buf_4)
    10    0.06                           _0688_ (net)
                  0.16    0.00    1.40 ^ _2271_/A (sky130_fd_sc_hd__inv_2)
                  0.07    0.10    1.50 v _2271_/Y (sky130_fd_sc_hd__inv_2)
     5    0.02                           _0729_ (net)
                  0.07    0.00    1.50 v _2272_/A (sky130_fd_sc_hd__clkbuf_4)
                  0.11    0.23    1.72 v _2272_/X (sky130_fd_sc_hd__clkbuf_4)
    10    0.05                           _0730_ (net)
                  0.11    0.00    1.72 v _2297_/B1 (sky130_fd_sc_hd__a21o_1)
                  0.10    0.25    1.98 v _2297_/X (sky130_fd_sc_hd__a21o_1)
     4    0.02                           _0755_ (net)
                  0.10    0.00    1.98 v _2298_/A (sky130_fd_sc_hd__clkbuf_4)
                  0.09    0.23    2.20 v _2298_/X (sky130_fd_sc_hd__clkbuf_4)
    10    0.04                           _0756_ (net)
                  0.09    0.00    2.20 v _2653_/A1 (sky130_fd_sc_hd__o311a_1)
                  0.07    0.41    2.61 v _2653_/X (sky130_fd_sc_hd__o311a_1)
     1    0.01                           _1111_ (net)
                  0.07    0.00    2.61 v _2654_/B (sky130_fd_sc_hd__nor2_2)
                  0.43    0.37    2.98 ^ _2654_/Y (sky130_fd_sc_hd__nor2_2)
     6    0.04                           _1112_ (net)
                  0.43    0.00    2.98 ^ _2656_/A3 (sky130_fd_sc_hd__o31a_1)
                  0.18    0.29    3.27 ^ _2656_/X (sky130_fd_sc_hd__o31a_1)
     4    0.02                           _1114_ (net)
                  0.18    0.00    3.27 ^ _2672_/B (sky130_fd_sc_hd__nor3_1)
                  0.10    0.10    3.36 v _2672_/Y (sky130_fd_sc_hd__nor3_1)
     2    0.01                           _1130_ (net)
                  0.10    0.00    3.37 v max_cap17/A (sky130_fd_sc_hd__buf_1)
                  0.06    0.15    3.51 v max_cap17/X (sky130_fd_sc_hd__buf_1)
     1    0.01                           net17 (net)
                  0.06    0.00    3.51 v _2908_/A3 (sky130_fd_sc_hd__a31oi_4)
                  0.36    0.37    3.89 ^ _2908_/Y (sky130_fd_sc_hd__a31oi_4)
     4    0.04                           _1366_ (net)
                  0.36    0.00    3.89 ^ _2987_/A2 (sky130_fd_sc_hd__o21ai_1)
                  0.09    0.14    4.03 v _2987_/Y (sky130_fd_sc_hd__o21ai_1)
     2    0.01                           _1445_ (net)
                  0.09    0.00    4.03 v _2988_/A (sky130_fd_sc_hd__nand2_1)
                  0.17    0.18    4.21 ^ _2988_/Y (sky130_fd_sc_hd__nand2_1)
     4    0.02                           _1446_ (net)
                  0.17    0.00    4.21 ^ _3005_/A2 (sky130_fd_sc_hd__a21boi_1)
                  0.11    0.14    4.34 v _3005_/Y (sky130_fd_sc_hd__a21boi_1)
     1    0.01                           _1463_ (net)
                  0.11    0.00    4.34 v _3006_/A2 (sky130_fd_sc_hd__o21bai_4)
                  0.26    0.27    4.61 ^ _3006_/Y (sky130_fd_sc_hd__o21bai_4)
     6    0.03                           _1464_ (net)
                  0.26    0.00    4.61 ^ _3012_/B1 (sky130_fd_sc_hd__o311a_2)
                  0.14    0.32    4.94 ^ _3012_/X (sky130_fd_sc_hd__o311a_2)
     4    0.02                           _1470_ (net)
                  0.14    0.00    4.94 ^ _3014_/A (sky130_fd_sc_hd__nor2_1)
                  0.08    0.10    5.03 v _3014_/Y (sky130_fd_sc_hd__nor2_1)
     3    0.01                           _1472_ (net)
                  0.08    0.00    5.03 v _3015_/D (sky130_fd_sc_hd__nor4_1)
                  0.37    0.31    5.34 ^ _3015_/Y (sky130_fd_sc_hd__nor4_1)
     1    0.01                           _1473_ (net)
                  0.37    0.00    5.34 ^ wire1/A (sky130_fd_sc_hd__buf_1)
                  0.14    0.21    5.55 ^ wire1/X (sky130_fd_sc_hd__buf_1)
     1    0.01                           net564 (net)
                  0.14    0.00    5.55 ^ wire13/A (sky130_fd_sc_hd__clkbuf_2)
                  0.13    0.21    5.76 ^ wire13/X (sky130_fd_sc_hd__clkbuf_2)
     4    0.02                           net13 (net)
                  0.13    0.00    5.76 ^ max_cap12/A (sky130_fd_sc_hd__clkbuf_2)
                  0.13    0.20    5.96 ^ max_cap12/X (sky130_fd_sc_hd__clkbuf_2)
     6    0.02                           net12 (net)
                  0.13    0.00    5.96 ^ _4218_/B1 (sky130_fd_sc_hd__o2111a_1)
                  0.09    0.25    6.21 ^ _4218_/X (sky130_fd_sc_hd__o2111a_1)
     1    0.01                           _2109_ (net)
                  0.09    0.00    6.21 ^ _4219_/B1 (sky130_fd_sc_hd__a21oi_1)
                  0.06    0.05    6.26 v _4219_/Y (sky130_fd_sc_hd__a21oi_1)
     1    0.00                           _0568_ (net)
                  0.06    0.00    6.26 v _4800_/D (sky130_fd_sc_hd__dfrtp_1)
                                  6.26   data arrival time

                         20.00   20.00   clock clk (rise edge)
                          0.00   20.00   clock source latency
                  0.18    0.12   20.12 ^ clk (in)
     1    0.04                           clk (net)
                  0.18    0.00   20.12 ^ clkbuf_0_clk/A (sky130_fd_sc_hd__clkbuf_16)
                  0.10    0.21   20.33 ^ clkbuf_0_clk/X (sky130_fd_sc_hd__clkbuf_16)
     4    0.09                           clknet_0_clk (net)
                  0.10    0.00   20.33 ^ clkbuf_2_2__f_clk/A (sky130_fd_sc_hd__clkbuf_16)
                  0.17    0.23   20.56 ^ clkbuf_2_2__f_clk/X (sky130_fd_sc_hd__clkbuf_16)
    13    0.16                           clknet_2_2__leaf_clk (net)
                  0.17    0.00   20.56 ^ clkbuf_leaf_10_clk/A (sky130_fd_sc_hd__clkbuf_16)
                  0.05    0.17   20.73 ^ clkbuf_leaf_10_clk/X (sky130_fd_sc_hd__clkbuf_16)
    10    0.03                           clknet_leaf_10_clk (net)
                  0.05    0.00   20.73 ^ _4800_/CLK (sky130_fd_sc_hd__dfrtp_1)
                         -0.25   20.48   clock uncertainty
                          0.03   20.52   clock reconvergence pessimism
                         -0.12   20.40   library setup time
                                 20.40   data required time
-----------------------------------------------------------------------------
                                 20.40   data required time
                                 -6.26   data arrival time
-----------------------------------------------------------------------------
                                 14.14   slack (MET)




===========================================================================
report_checks --slack_max -0.01
============================================================================
======================= Fastest Corner ===================================

No paths found.

======================= Slowest Corner ===================================

No paths found.

======================= Typical Corner ===================================

No paths found.


===========================================================================
 report_check_types -max_slew -max_cap -max_fanout -violators
============================================================================
======================= Fastest Corner ===================================

max fanout

Pin                                   Limit Fanout  Slack
---------------------------------------------------------
clkbuf_leaf_2_clk/X                      10     19     -9 (VIOLATED)
clkbuf_leaf_32_clk/X                     10     18     -8 (VIOLATED)
clkbuf_leaf_47_clk/X                     10     18     -8 (VIOLATED)
clkbuf_leaf_24_clk/X                     10     17     -7 (VIOLATED)
clkbuf_leaf_25_clk/X                     10     17     -7 (VIOLATED)
clkbuf_leaf_26_clk/X                     10     17     -7 (VIOLATED)
clkbuf_leaf_35_clk/X                     10     17     -7 (VIOLATED)
clkbuf_leaf_37_clk/X                     10     17     -7 (VIOLATED)
clkbuf_leaf_38_clk/X                     10     17     -7 (VIOLATED)
clkbuf_leaf_49_clk/X                     10     17     -7 (VIOLATED)
clkbuf_leaf_27_clk/X                     10     16     -6 (VIOLATED)
clkbuf_leaf_1_clk/X                      10     15     -5 (VIOLATED)
clkbuf_leaf_33_clk/X                     10     15     -5 (VIOLATED)
clkbuf_leaf_34_clk/X                     10     15     -5 (VIOLATED)
clkbuf_leaf_36_clk/X                     10     15     -5 (VIOLATED)
clkbuf_leaf_9_clk/X                      10     15     -5 (VIOLATED)
clkbuf_2_0__f_clk/X                      10     14     -4 (VIOLATED)
clkbuf_2_1__f_clk/X                      10     14     -4 (VIOLATED)
clkbuf_leaf_22_clk/X                     10     14     -4 (VIOLATED)
clkbuf_leaf_6_clk/X                      10     14     -4 (VIOLATED)
clkbuf_2_2__f_clk/X                      10     13     -3 (VIOLATED)
clkbuf_leaf_19_clk/X                     10     13     -3 (VIOLATED)
clkbuf_leaf_41_clk/X                     10     13     -3 (VIOLATED)
clkbuf_leaf_46_clk/X                     10     13     -3 (VIOLATED)
clkbuf_leaf_31_clk/X                     10     12     -2 (VIOLATED)
clkbuf_leaf_3_clk/X                      10     12     -2 (VIOLATED)
clkbuf_leaf_13_clk/X                     10     11        (VIOLATED)
clkbuf_leaf_28_clk/X                     10     11        (VIOLATED)
clkbuf_leaf_40_clk/X                     10     11        (VIOLATED)
clkbuf_leaf_8_clk/X                      10     11        (VIOLATED)


======================= Slowest Corner ===================================

max slew

Pin                                    Limit    Slew   Slack
------------------------------------------------------------
_2904_/Y                                0.75    0.80   -0.05 (VIOLATED)
_2905_/B2                               0.75    0.80   -0.05 (VIOLATED)
_3411_/A2                               0.75    0.78   -0.03 (VIOLATED)
_4222_/A2                               0.75    0.78   -0.03 (VIOLATED)
_2613_/B                                0.75    0.78   -0.03 (VIOLATED)
_2563_/C                                0.75    0.78   -0.03 (VIOLATED)
_2556_/Y                                0.75    0.78   -0.03 (VIOLATED)
_2562_/A3                               0.75    0.78   -0.03 (VIOLATED)

max fanout

Pin                                   Limit Fanout  Slack
---------------------------------------------------------
clkbuf_leaf_2_clk/X                      10     19     -9 (VIOLATED)
clkbuf_leaf_32_clk/X                     10     18     -8 (VIOLATED)
clkbuf_leaf_47_clk/X                     10     18     -8 (VIOLATED)
clkbuf_leaf_24_clk/X                     10     17     -7 (VIOLATED)
clkbuf_leaf_25_clk/X                     10     17     -7 (VIOLATED)
clkbuf_leaf_26_clk/X                     10     17     -7 (VIOLATED)
clkbuf_leaf_35_clk/X                     10     17     -7 (VIOLATED)
clkbuf_leaf_37_clk/X                     10     17     -7 (VIOLATED)
clkbuf_leaf_38_clk/X                     10     17     -7 (VIOLATED)
clkbuf_leaf_49_clk/X                     10     17     -7 (VIOLATED)
clkbuf_leaf_27_clk/X                     10     16     -6 (VIOLATED)
clkbuf_leaf_1_clk/X                      10     15     -5 (VIOLATED)
clkbuf_leaf_33_clk/X                     10     15     -5 (VIOLATED)
clkbuf_leaf_34_clk/X                     10     15     -5 (VIOLATED)
clkbuf_leaf_36_clk/X                     10     15     -5 (VIOLATED)
clkbuf_leaf_9_clk/X                      10     15     -5 (VIOLATED)
clkbuf_2_0__f_clk/X                      10     14     -4 (VIOLATED)
clkbuf_2_1__f_clk/X                      10     14     -4 (VIOLATED)
clkbuf_leaf_22_clk/X                     10     14     -4 (VIOLATED)
clkbuf_leaf_6_clk/X                      10     14     -4 (VIOLATED)
clkbuf_2_2__f_clk/X                      10     13     -3 (VIOLATED)
clkbuf_leaf_19_clk/X                     10     13     -3 (VIOLATED)
clkbuf_leaf_41_clk/X                     10     13     -3 (VIOLATED)
clkbuf_leaf_46_clk/X                     10     13     -3 (VIOLATED)
clkbuf_leaf_31_clk/X                     10     12     -2 (VIOLATED)
clkbuf_leaf_3_clk/X                      10     12     -2 (VIOLATED)
clkbuf_leaf_13_clk/X                     10     11        (VIOLATED)
clkbuf_leaf_28_clk/X                     10     11        (VIOLATED)
clkbuf_leaf_40_clk/X                     10     11        (VIOLATED)
clkbuf_leaf_8_clk/X                      10     11        (VIOLATED)


======================= Typical Corner ===================================

max fanout

Pin                                   Limit Fanout  Slack
---------------------------------------------------------
clkbuf_leaf_2_clk/X                      10     19     -9 (VIOLATED)
clkbuf_leaf_32_clk/X                     10     18     -8 (VIOLATED)
clkbuf_leaf_47_clk/X                     10     18     -8 (VIOLATED)
clkbuf_leaf_24_clk/X                     10     17     -7 (VIOLATED)
clkbuf_leaf_25_clk/X                     10     17     -7 (VIOLATED)
clkbuf_leaf_26_clk/X                     10     17     -7 (VIOLATED)
clkbuf_leaf_35_clk/X                     10     17     -7 (VIOLATED)
clkbuf_leaf_37_clk/X                     10     17     -7 (VIOLATED)
clkbuf_leaf_38_clk/X                     10     17     -7 (VIOLATED)
clkbuf_leaf_49_clk/X                     10     17     -7 (VIOLATED)
clkbuf_leaf_27_clk/X                     10     16     -6 (VIOLATED)
clkbuf_leaf_1_clk/X                      10     15     -5 (VIOLATED)
clkbuf_leaf_33_clk/X                     10     15     -5 (VIOLATED)
clkbuf_leaf_34_clk/X                     10     15     -5 (VIOLATED)
clkbuf_leaf_36_clk/X                     10     15     -5 (VIOLATED)
clkbuf_leaf_9_clk/X                      10     15     -5 (VIOLATED)
clkbuf_2_0__f_clk/X                      10     14     -4 (VIOLATED)
clkbuf_2_1__f_clk/X                      10     14     -4 (VIOLATED)
clkbuf_leaf_22_clk/X                     10     14     -4 (VIOLATED)
clkbuf_leaf_6_clk/X                      10     14     -4 (VIOLATED)
clkbuf_2_2__f_clk/X                      10     13     -3 (VIOLATED)
clkbuf_leaf_19_clk/X                     10     13     -3 (VIOLATED)
clkbuf_leaf_41_clk/X                     10     13     -3 (VIOLATED)
clkbuf_leaf_46_clk/X                     10     13     -3 (VIOLATED)
clkbuf_leaf_31_clk/X                     10     12     -2 (VIOLATED)
clkbuf_leaf_3_clk/X                      10     12     -2 (VIOLATED)
clkbuf_leaf_13_clk/X                     10     11        (VIOLATED)
clkbuf_leaf_28_clk/X                     10     11        (VIOLATED)
clkbuf_leaf_40_clk/X                     10     11        (VIOLATED)
clkbuf_leaf_8_clk/X                      10     11        (VIOLATED)



===========================================================================
report_parasitic_annotation -report_unannotated
============================================================================
Found 0 unannotated drivers.
Found 0 partially unannotated drivers.

===========================================================================
max slew violation count 8
max fanout violation count 30
max cap violation count 0
============================================================================

===========================================================================
check_setup -verbose -unconstrained_endpoints -multiple_clock -no_clock -no_input_delay -loops -generated_clocks
===========================================================================
